Component: ARM Compiler 5.06 (build 20) Tool: armlink [4d35a3]

==============================================================================

Section Cross References

    stm32f1xx_hal_cortex.o(i.HAL_NVIC_SetPriority) refers to stm32f1xx_hal_cortex.o(i.NVIC_SetPriority) for NVIC_SetPriority
    stm32f1xx_hal_cortex.o(i.HAL_SYSTICK_Config) refers to stm32f1xx_hal_cortex.o(i.NVIC_SetPriority) for NVIC_SetPriority
    stm32f1xx_hal_cortex.o(i.HAL_SYSTICK_IRQHandler) refers to stm32f1xx_hal_cortex.o(i.HAL_SYSTICK_Callback) for HAL_SYSTICK_Callback
    stm32f1xx_hal_dac.o(i.DAC_DMAConvCpltCh1) refers to stm32f1xx_hal_dac.o(i.HAL_DAC_ConvCpltCallbackCh1) for HAL_DAC_ConvCpltCallbackCh1
    stm32f1xx_hal_dac.o(i.DAC_DMAErrorCh1) refers to stm32f1xx_hal_dac.o(i.HAL_DAC_ErrorCallbackCh1) for HAL_DAC_ErrorCallbackCh1
    stm32f1xx_hal_dac.o(i.DAC_DMAHalfConvCpltCh1) refers to stm32f1xx_hal_dac.o(i.HAL_DAC_ConvHalfCpltCallbackCh1) for HAL_DAC_ConvHalfCpltCallbackCh1
    stm32f1xx_hal_dac.o(i.HAL_DAC_DeInit) refers to stm32f1xx_hal_msp.o(i.HAL_DAC_MspDeInit) for HAL_DAC_MspDeInit
    stm32f1xx_hal_dac.o(i.HAL_DAC_Init) refers to stm32f1xx_hal_msp.o(i.HAL_DAC_MspInit) for HAL_DAC_MspInit
    stm32f1xx_hal_dac.o(i.HAL_DAC_Start_DMA) refers to stm32f1xx_hal_dma.o(i.HAL_DMA_Start_IT) for HAL_DMA_Start_IT
    stm32f1xx_hal_dac.o(i.HAL_DAC_Start_DMA) refers to stm32f1xx_hal_dac_ex.o(i.DAC_DMAConvCpltCh2) for DAC_DMAConvCpltCh2
    stm32f1xx_hal_dac.o(i.HAL_DAC_Start_DMA) refers to stm32f1xx_hal_dac_ex.o(i.DAC_DMAHalfConvCpltCh2) for DAC_DMAHalfConvCpltCh2
    stm32f1xx_hal_dac.o(i.HAL_DAC_Start_DMA) refers to stm32f1xx_hal_dac_ex.o(i.DAC_DMAErrorCh2) for DAC_DMAErrorCh2
    stm32f1xx_hal_dac.o(i.HAL_DAC_Start_DMA) refers to stm32f1xx_hal_dac.o(i.DAC_DMAConvCpltCh1) for DAC_DMAConvCpltCh1
    stm32f1xx_hal_dac.o(i.HAL_DAC_Start_DMA) refers to stm32f1xx_hal_dac.o(i.DAC_DMAHalfConvCpltCh1) for DAC_DMAHalfConvCpltCh1
    stm32f1xx_hal_dac.o(i.HAL_DAC_Start_DMA) refers to stm32f1xx_hal_dac.o(i.DAC_DMAErrorCh1) for DAC_DMAErrorCh1
    stm32f1xx_hal_dac.o(i.HAL_DAC_Stop_DMA) refers to stm32f1xx_hal_dma.o(i.HAL_DMA_Abort) for HAL_DMA_Abort
    stm32f1xx_hal_rcc_ex.o(i.HAL_RCCEx_GetPeriphCLKFreq) refers to stm32f1xx_hal_rcc.o(i.HAL_RCC_GetPCLK2Freq) for HAL_RCC_GetPCLK2Freq
    stm32f1xx_hal_rcc_ex.o(i.HAL_RCCEx_PeriphCLKConfig) refers to stm32f1xx_hal.o(i.HAL_GetTick) for HAL_GetTick
    stm32f1xx_hal_uart.o(i.HAL_HalfDuplex_Init) refers to stm32f1xx_hal_msp.o(i.HAL_UART_MspInit) for HAL_UART_MspInit
    stm32f1xx_hal_uart.o(i.HAL_HalfDuplex_Init) refers to stm32f1xx_hal_uart.o(i.UART_SetConfig) for UART_SetConfig
    stm32f1xx_hal_uart.o(i.HAL_LIN_Init) refers to stm32f1xx_hal_msp.o(i.HAL_UART_MspInit) for HAL_UART_MspInit
    stm32f1xx_hal_uart.o(i.HAL_LIN_Init) refers to stm32f1xx_hal_uart.o(i.UART_SetConfig) for UART_SetConfig
    stm32f1xx_hal_uart.o(i.HAL_MultiProcessor_Init) refers to stm32f1xx_hal_msp.o(i.HAL_UART_MspInit) for HAL_UART_MspInit
    stm32f1xx_hal_uart.o(i.HAL_MultiProcessor_Init) refers to stm32f1xx_hal_uart.o(i.UART_SetConfig) for UART_SetConfig
    stm32f1xx_hal_uart.o(i.HAL_UART_DMAStop) refers to stm32f1xx_hal_dma.o(i.HAL_DMA_Abort) for HAL_DMA_Abort
    stm32f1xx_hal_uart.o(i.HAL_UART_DeInit) refers to stm32f1xx_hal_msp.o(i.HAL_UART_MspDeInit) for HAL_UART_MspDeInit
    stm32f1xx_hal_uart.o(i.HAL_UART_IRQHandler) refers to stm32f1xx_hal_uart.o(i.UART_Receive_IT) for UART_Receive_IT
    stm32f1xx_hal_uart.o(i.HAL_UART_IRQHandler) refers to stm32f1xx_hal_uart.o(i.UART_Transmit_IT) for UART_Transmit_IT
    stm32f1xx_hal_uart.o(i.HAL_UART_IRQHandler) refers to stm32f1xx_hal_uart.o(i.HAL_UART_TxCpltCallback) for HAL_UART_TxCpltCallback
    stm32f1xx_hal_uart.o(i.HAL_UART_IRQHandler) refers to stm32f1xx_hal_uart.o(i.HAL_UART_ErrorCallback) for HAL_UART_ErrorCallback
    stm32f1xx_hal_uart.o(i.HAL_UART_Init) refers to stm32f1xx_hal_msp.o(i.HAL_UART_MspInit) for HAL_UART_MspInit
    stm32f1xx_hal_uart.o(i.HAL_UART_Init) refers to stm32f1xx_hal_uart.o(i.UART_SetConfig) for UART_SetConfig
    stm32f1xx_hal_uart.o(i.HAL_UART_Receive) refers to stm32f1xx_hal_uart.o(i.UART_WaitOnFlagUntilTimeout) for UART_WaitOnFlagUntilTimeout
    stm32f1xx_hal_uart.o(i.HAL_UART_Receive_DMA) refers to stm32f1xx_hal_dma.o(i.HAL_DMA_Start_IT) for HAL_DMA_Start_IT
    stm32f1xx_hal_uart.o(i.HAL_UART_Receive_DMA) refers to stm32f1xx_hal_uart.o(i.UART_DMAReceiveCplt) for UART_DMAReceiveCplt
    stm32f1xx_hal_uart.o(i.HAL_UART_Receive_DMA) refers to stm32f1xx_hal_uart.o(i.UART_DMARxHalfCplt) for UART_DMARxHalfCplt
    stm32f1xx_hal_uart.o(i.HAL_UART_Receive_DMA) refers to stm32f1xx_hal_uart.o(i.UART_DMAError) for UART_DMAError
    stm32f1xx_hal_uart.o(i.HAL_UART_Transmit) refers to stm32f1xx_hal_uart.o(i.UART_WaitOnFlagUntilTimeout) for UART_WaitOnFlagUntilTimeout
    stm32f1xx_hal_uart.o(i.HAL_UART_Transmit_DMA) refers to stm32f1xx_hal_dma.o(i.HAL_DMA_Start_IT) for HAL_DMA_Start_IT
[...]
    Removing stm32f1xx_hal_tim.o(i.HAL_TIM_Encoder_MspDeInit), (2 bytes).
    Removing stm32f1xx_hal_tim.o(i.HAL_TIM_Encoder_MspInit), (2 bytes).
    Removing stm32f1xx_hal_tim.o(i.HAL_TIM_Encoder_Start), (52 bytes).
    Removing stm32f1xx_hal_tim.o(i.HAL_TIM_Encoder_Start_DMA), (272 bytes).
    Removing stm32f1xx_hal_tim.o(i.HAL_TIM_Encoder_Start_IT), (92 bytes).
    Removing stm32f1xx_hal_tim.o(i.HAL_TIM_Encoder_Stop), (70 bytes).
    Removing stm32f1xx_hal_tim.o(i.HAL_TIM_Encoder_Stop_DMA), (116 bytes).
    Removing stm32f1xx_hal_tim.o(i.HAL_TIM_Encoder_Stop_IT), (116 bytes).
    Removing stm32f1xx_hal_tim.o(i.HAL_TIM_ErrorCallback), (2 bytes).
    Removing stm32f1xx_hal_tim.o(i.HAL_TIM_GenerateEvent), (38 bytes).
    Removing stm32f1xx_hal_tim.o(i.HAL_TIM_IC_ConfigChannel), (286 bytes).
    Removing stm32f1xx_hal_tim.o(i.HAL_TIM_IC_DeInit), (56 bytes).
    Removing stm32f1xx_hal_tim.o(i.HAL_TIM_IC_GetState), (6 bytes).
    Removing stm32f1xx_hal_tim.o(i.HAL_TIM_IC_Init), (54 bytes).
    Removing stm32f1xx_hal_tim.o(i.HAL_TIM_IC_MspDeInit), (2 bytes).
    Removing stm32f1xx_hal_tim.o(i.HAL_TIM_IC_MspInit), (2 bytes).
    Removing stm32f1xx_hal_tim.o(i.HAL_TIM_IC_Start), (26 bytes).
    Removing stm32f1xx_hal_tim.o(i.HAL_TIM_IC_Start_DMA), (200 bytes).
    Removing stm32f1xx_hal_tim.o(i.HAL_TIM_IC_Start_IT), (76 bytes).
    Removing stm32f1xx_hal_tim.o(i.HAL_TIM_IC_Stop), (44 bytes).
    Removing stm32f1xx_hal_tim.o(i.HAL_TIM_IC_Stop_DMA), (100 bytes).
    Removing stm32f1xx_hal_tim.o(i.HAL_TIM_IC_Stop_IT), (94 bytes).
    Removing stm32f1xx_hal_tim.o(i.HAL_TIM_OC_ConfigChannel), (86 bytes).
    Removing stm32f1xx_hal_tim.o(i.HAL_TIM_OC_DeInit), (56 bytes).
    Removing stm32f1xx_hal_tim.o(i.HAL_TIM_OC_GetState), (6 bytes).
    Removing stm32f1xx_hal_tim.o(i.HAL_TIM_OC_Init), (54 bytes).
    Removing stm32f1xx_hal_tim.o(i.HAL_TIM_OC_MspDeInit), (2 bytes).
    Removing stm32f1xx_hal_tim.o(i.HAL_TIM_OC_MspInit), (2 bytes).
    Removing stm32f1xx_hal_tim.o(i.HAL_TIM_OC_Start), (76 bytes).
    Removing stm32f1xx_hal_tim.o(i.HAL_TIM_OC_Start_DMA), (260 bytes).
    Removing stm32f1xx_hal_tim.o(i.HAL_TIM_OC_Start_IT), (128 bytes).
    Removing stm32f1xx_hal_tim.o(i.HAL_TIM_OC_Stop), (108 bytes).
    Removing stm32f1xx_hal_tim.o(i.HAL_TIM_OC_Stop_DMA), (164 bytes).
    Removing stm32f1xx_hal_tim.o(i.HAL_TIM_OC_Stop_IT), (156 bytes).
    Removing stm32f1xx_hal_tim.o(i.HAL_TIM_OnePulse_ConfigChannel), (218 bytes).
    Removing stm32f1xx_hal_tim.o(i.HAL_TIM_OnePulse_DeInit), (56 bytes).
    Removing stm32f1xx_hal_tim.o(i.HAL_TIM_OnePulse_GetState), (6 bytes).
    Removing stm32f1xx_hal_tim.o(i.HAL_TIM_OnePulse_Init), (74 bytes).
    Removing stm32f1xx_hal_tim.o(i.HAL_TIM_OnePulse_MspDeInit), (2 bytes).
    Removing stm32f1xx_hal_tim.o(i.HAL_TIM_OnePulse_MspInit), (2 bytes).
    Removing stm32f1xx_hal_tim.o(i.HAL_TIM_OnePulse_Start), (80 bytes).
    Removing stm32f1xx_hal_tim.o(i.HAL_TIM_OnePulse_Start_IT), (100 bytes).
    Removing stm32f1xx_hal_tim.o(i.HAL_TIM_OnePulse_Stop), (120 bytes).
    Removing stm32f1xx_hal_tim.o(i.HAL_TIM_OnePulse_Stop_IT), (140 bytes).
    Removing stm32f1xx_hal_tim.o(i.HAL_TIM_PWM_DeInit), (56 bytes).
    Removing stm32f1xx_hal_tim.o(i.HAL_TIM_PWM_GetState), (6 bytes).
    Removing stm32f1xx_hal_tim.o(i.HAL_TIM_PWM_MspDeInit), (2 bytes).
    Removing stm32f1xx_hal_tim.o(i.HAL_TIM_PWM_MspInit), (2 bytes).
    Removing stm32f1xx_hal_tim.o(i.HAL_TIM_PWM_Start_DMA), (260 bytes).
    Removing stm32f1xx_hal_tim.o(i.HAL_TIM_PWM_Start_IT), (128 bytes).
    Removing stm32f1xx_hal_tim.o(i.HAL_TIM_PWM_Stop), (112 bytes).
    Removing stm32f1xx_hal_tim.o(i.HAL_TIM_PWM_Stop_DMA), (164 bytes).
    Removing stm32f1xx_hal_tim.o(i.HAL_TIM_PWM_Stop_IT), (156 bytes).
    Removing stm32f1xx_hal_tim.o(i.HAL_TIM_PeriodElapsedCallback), (2 bytes).
    Removing stm32f1xx_hal_tim.o(i.HAL_TIM_ReadCapturedValue), (68 bytes).
    Removing stm32f1xx_hal_tim.o(i.HAL_TIM_SlaveConfigSynchronization), (66 bytes).
    Removing stm32f1xx_hal_tim.o(i.HAL_TIM_SlaveConfigSynchronization_IT), (66 bytes).
    Removing stm32f1xx_hal_tim.o(i.TIM_DMACaptureCplt), (62 bytes).
    Removing stm32f1xx_hal_tim.o(i.TIM_DMADelayPulseCplt), (62 bytes).
    Removing stm32f1xx_hal_tim.o(i.TIM_DMAError), (16 bytes).
    Removing stm32f1xx_hal_tim.o(i.TIM_DMAPeriodElapsedCplt), (16 bytes).
    Removing stm32f1xx_hal_tim.o(i.TIM_DMATriggerCplt), (16 bytes).
    Removing stm32f1xx_hal_tim.o(i.TIM_ETR_SetConfig), (20 bytes).
    Removing stm32f1xx_hal_tim.o(i.TIM_ITRx_SetConfig), (16 bytes).
    Removing stm32f1xx_hal_tim.o(i.TIM_SlaveTimer_SetConfig), (124 bytes).
    Removing stm32f1xx_hal_tim.o(i.TIM_TI1_ConfigInputStage), (34 bytes).
    Removing stm32f1xx_hal_tim.o(i.TIM_TI1_SetConfig), (100 bytes).
    Removing stm32f1xx_hal_tim.o(i.TIM_TI2_ConfigInputStage), (36 bytes).
    Removing stm32f1xx_hal_tim.o(i.TIM_TI2_SetConfig), (54 bytes).
    Removing stm32f1xx_hal_dac_ex.o(.rev16_text), (4 bytes).
    Removing stm32f1xx_hal_dac_ex.o(.revsh_text), (4 bytes).
    Removing stm32f1xx_hal_dac_ex.o(.rrx_text), (6 bytes).
    Removing stm32f1xx_hal_dac_ex.o(i.DAC_DMAConvCpltCh2), (16 bytes).
    Removing stm32f1xx_hal_dac_ex.o(i.DAC_DMAErrorCh2), (24 bytes).
    Removing stm32f1xx_hal_dac_ex.o(i.DAC_DMAHalfConvCpltCh2), (10 bytes).
    Removing stm32f1xx_hal_dac_ex.o(i.HAL_DACEx_ConvCpltCallbackCh2), (2 bytes).
    Removing stm32f1xx_hal_dac_ex.o(i.HAL_DACEx_ConvHalfCpltCallbackCh2), (2 bytes).
    Removing stm32f1xx_hal_dac_ex.o(i.HAL_DACEx_DualGetValue), (12 bytes).
    Removing stm32f1xx_hal_dac_ex.o(i.HAL_DACEx_DualSetValue), (24 bytes).
    Removing stm32f1xx_hal_dac_ex.o(i.HAL_DACEx_ErrorCallbackCh2), (2 bytes).
    Removing stm32f1xx_hal_dac_ex.o(i.HAL_DACEx_NoiseWaveGenerate), (52 bytes).
    Removing stm32f1xx_hal_dac_ex.o(i.HAL_DACEx_TriangleWaveGenerate), (52 bytes).
    Removing stm32f1xx_hal_dac_ex.o(i.HAL_DAC_Start_DMA), (256 bytes).
    Removing stm32f1xx_hal_dac_ex.o(i.HAL_DAC_Stop_DMA), (78 bytes).
    Removing stm32f1xx_hal.o(.rev16_text), (4 bytes).
    Removing stm32f1xx_hal.o(.revsh_text), (4 bytes).
    Removing stm32f1xx_hal.o(.rrx_text), (6 bytes).
    Removing stm32f1xx_hal.o(i.HAL_DBGMCU_DisableDBGSleepMode), (16 bytes).
    Removing stm32f1xx_hal.o(i.HAL_DBGMCU_DisableDBGStandbyMode), (16 bytes).
    Removing stm32f1xx_hal.o(i.HAL_DBGMCU_DisableDBGStopMode), (16 bytes).
    Removing stm32f1xx_hal.o(i.HAL_DBGMCU_EnableDBGSleepMode), (16 bytes).
    Removing stm32f1xx_hal.o(i.HAL_DBGMCU_EnableDBGStandbyMode), (16 bytes).
    Removing stm32f1xx_hal.o(i.HAL_DBGMCU_EnableDBGStopMode), (16 bytes).
    Removing stm32f1xx_hal.o(i.HAL_DeInit), (32 bytes).
    Removing stm32f1xx_hal.o(i.HAL_GetDEVID), (16 bytes).
    Removing stm32f1xx_hal.o(i.HAL_GetHalVersion), (8 bytes).
    Removing stm32f1xx_hal.o(i.HAL_GetREVID), (28 bytes).
    Removing stm32f1xx_hal.o(i.HAL_MspDeInit), (2 bytes).
    Removing stm32f1xx_hal.o(i.HAL_MspInit), (2 bytes).
    Removing stm32f1xx_hal.o(i.HAL_ResumeTick), (14 bytes).
    Removing stm32f1xx_hal.o(i.HAL_SuspendTick), (14 bytes).
    Removing stm32f1xx_hal_tim_ex.o(.rev16_text), (4 bytes).
    Removing stm32f1xx_hal_tim_ex.o(.revsh_text), (4 bytes).
    Removing stm32f1xx_hal_tim_ex.o(.rrx_text), (6 bytes).
    Removing stm32f1xx_hal_tim_ex.o(i.HAL_TIMEx_ConfigBreakDeadTime), (66 bytes).
    Removing stm32f1xx_hal_tim_ex.o(i.HAL_TIMEx_ConfigCommutationEvent), (92 bytes).
    Removing stm32f1xx_hal_tim_ex.o(i.HAL_TIMEx_ConfigCommutationEvent_DMA), (124 bytes).
    Removing stm32f1xx_hal_tim_ex.o(i.HAL_TIMEx_ConfigCommutationEvent_IT), (102 bytes).
    Removing stm32f1xx_hal_tim_ex.o(i.HAL_TIMEx_HallSensor_DeInit), (56 bytes).
    Removing stm32f1xx_hal_tim_ex.o(i.HAL_TIMEx_HallSensor_GetState), (6 bytes).
    Removing stm32f1xx_hal_tim_ex.o(i.HAL_TIMEx_HallSensor_Init), (188 bytes).
    Removing stm32f1xx_hal_tim_ex.o(i.HAL_TIMEx_HallSensor_MspDeInit), (2 bytes).
    Removing stm32f1xx_hal_tim_ex.o(i.HAL_TIMEx_HallSensor_MspInit), (2 bytes).
    Removing stm32f1xx_hal_tim_ex.o(i.HAL_TIMEx_HallSensor_Start), (28 bytes).
    Removing stm32f1xx_hal_tim_ex.o(i.HAL_TIMEx_HallSensor_Start_DMA), (104 bytes).
    Removing stm32f1xx_hal_tim_ex.o(i.HAL_TIMEx_HallSensor_Start_IT), (38 bytes).
    Removing stm32f1xx_hal_tim_ex.o(i.HAL_TIMEx_HallSensor_Stop), (46 bytes).
    Removing stm32f1xx_hal_tim_ex.o(i.HAL_TIMEx_HallSensor_Stop_DMA), (56 bytes).
    Removing stm32f1xx_hal_tim_ex.o(i.HAL_TIMEx_HallSensor_Stop_IT), (56 bytes).
    Removing stm32f1xx_hal_tim_ex.o(i.HAL_TIMEx_OCN_Start), (36 bytes).
    Removing stm32f1xx_hal_tim_ex.o(i.HAL_TIMEx_OCN_Start_DMA), (220 bytes).
    Removing stm32f1xx_hal_tim_ex.o(i.HAL_TIMEx_OCN_Start_IT), (96 bytes).
    Removing stm32f1xx_hal_tim_ex.o(i.HAL_TIMEx_OCN_Stop), (68 bytes).
    Removing stm32f1xx_hal_tim_ex.o(i.HAL_TIMEx_OCN_Stop_DMA), (124 bytes).
    Removing stm32f1xx_hal_tim_ex.o(i.HAL_TIMEx_OCN_Stop_IT), (134 bytes).
    Removing stm32f1xx_hal_tim_ex.o(i.HAL_TIMEx_OnePulseN_Start), (26 bytes).
    Removing stm32f1xx_hal_tim_ex.o(i.HAL_TIMEx_OnePulseN_Start_IT), (46 bytes).
    Removing stm32f1xx_hal_tim_ex.o(i.HAL_TIMEx_OnePulseN_Stop), (68 bytes).
    Removing stm32f1xx_hal_tim_ex.o(i.HAL_TIMEx_OnePulseN_Stop_IT), (88 bytes).
    Removing stm32f1xx_hal_tim_ex.o(i.HAL_TIMEx_PWMN_Start), (36 bytes).
    Removing stm32f1xx_hal_tim_ex.o(i.HAL_TIMEx_PWMN_Start_DMA), (220 bytes).
    Removing stm32f1xx_hal_tim_ex.o(i.HAL_TIMEx_PWMN_Start_IT), (96 bytes).
    Removing stm32f1xx_hal_tim_ex.o(i.HAL_TIMEx_PWMN_Stop), (68 bytes).
    Removing stm32f1xx_hal_tim_ex.o(i.HAL_TIMEx_PWMN_Stop_DMA), (124 bytes).
    Removing stm32f1xx_hal_tim_ex.o(i.HAL_TIMEx_PWMN_Stop_IT), (134 bytes).
    Removing stm32f1xx_hal_tim_ex.o(i.TIMEx_DMACommutationCplt), (16 bytes).
    Removing stm32f1xx_hal_tim_ex.o(i.TIM_CCxNChannelCmd), (22 bytes).
    Removing stm32f1xx_hal_pwr.o(.rev16_text), (4 bytes).
    Removing stm32f1xx_hal_pwr.o(.revsh_text), (4 bytes).
    Removing stm32f1xx_hal_pwr.o(.rrx_text), (6 bytes).
    Removing stm32f1xx_hal_pwr.o(i.HAL_PWR_ConfigPVD), (124 bytes).
    Removing stm32f1xx_hal_pwr.o(i.HAL_PWR_DeInit), (24 bytes).
    Removing stm32f1xx_hal_pwr.o(i.HAL_PWR_DisableBkUpAccess), (28 bytes).
    Removing stm32f1xx_hal_pwr.o(i.HAL_PWR_DisablePVD), (24 bytes).
    Removing stm32f1xx_hal_pwr.o(i.HAL_PWR_DisableSEVOnPend), (16 bytes).
    Removing stm32f1xx_hal_pwr.o(i.HAL_PWR_DisableSleepOnExit), (16 bytes).
    Removing stm32f1xx_hal_pwr.o(i.HAL_PWR_DisableWakeUpPin), (28 bytes).
    Removing stm32f1xx_hal_pwr.o(i.HAL_PWR_EnableBkUpAccess), (24 bytes).
    Removing stm32f1xx_hal_pwr.o(i.HAL_PWR_EnablePVD), (24 bytes).
    Removing stm32f1xx_hal_pwr.o(i.HAL_PWR_EnableSEVOnPend), (16 bytes).
    Removing stm32f1xx_hal_pwr.o(i.HAL_PWR_EnableSleepOnExit), (16 bytes).
    Removing stm32f1xx_hal_pwr.o(i.HAL_PWR_EnableWakeUpPin), (28 bytes).
    Removing stm32f1xx_hal_pwr.o(i.HAL_PWR_EnterSLEEPMode), (32 bytes).
    Removing stm32f1xx_hal_pwr.o(i.HAL_PWR_EnterSTANDBYMode), (32 bytes).
    Removing stm32f1xx_hal_pwr.o(i.HAL_PWR_EnterSTOPMode), (68 bytes).
    Removing stm32f1xx_hal_pwr.o(i.HAL_PWR_PVDCallback), (2 bytes).
    Removing stm32f1xx_hal_pwr.o(i.HAL_PWR_PVD_IRQHandler), (28 bytes).
    Removing stm32f1xx_hal_pwr.o(i.PWR_OverloadWfe), (6 bytes).
    Removing startup_stm32f100xb.o(HEAP), (512 bytes).
    Removing main.o(.rev16_text), (4 bytes).
    Removing main.o(.revsh_text), (4 bytes).
    Removing main.o(.rrx_text), (6 bytes).
    Removing main.o(.constdata), (4 bytes).
    Removing main.o(.constdata), (4 bytes).
    Removing main.o(.constdata), (4 bytes).
    Removing main.o(.data), (4 bytes).
    Removing main.o(.data), (4 bytes).
    Removing stm32f1xx_it.o(.rev16_text), (4 bytes).
    Removing stm32f1xx_it.o(.revsh_text), (4 bytes).
    Removing stm32f1xx_it.o(.rrx_text), (6 bytes).
    Removing stm32f1xx_hal_msp.o(.rev16_text), (4 bytes).
    Removing stm32f1xx_hal_msp.o(.revsh_text), (4 bytes).
    Removing stm32f1xx_hal_msp.o(.rrx_text), (6 bytes).
    Removing stm32f1xx_hal_msp.o(i.HAL_ADC_MspDeInit), (56 bytes).
    Removing stm32f1xx_hal_msp.o(i.HAL_DAC_MspDeInit), (40 bytes).
    Removing stm32f1xx_hal_msp.o(i.HAL_TIM_Base_MspDeInit), (52 bytes).
    Removing stm32f1xx_hal_msp.o(i.HAL_TIM_PWM_MspDeInit), (44 bytes).
    Removing stm32f1xx_hal_msp.o(i.HAL_UART_MspDeInit), (68 bytes).
    Removing misc_function.o(.rev16_text), (4 bytes).
    Removing misc_function.o(.revsh_text), (4 bytes).
    Removing misc_function.o(.rrx_text), (6 bytes).
    Removing misc_function.o(i.Delay_us_dummy), (20 bytes).
    Removing misc_function.o(i.DummyLedBlink), (44 bytes).
    Removing channel_function.o(.rev16_text), (4 bytes).
    Removing channel_function.o(.revsh_text), (4 bytes).
    Removing channel_function.o(.rrx_text), (6 bytes).
    Removing usart_function.o(.rev16_text), (4 bytes).
    Removing usart_function.o(.revsh_text), (4 bytes).
    Removing usart_function.o(.rrx_text), (6 bytes).
    Removing usart_function.o(i.USART_RST_rx_handler), (12 bytes).
    Removing usart_function.o(i.USART_reset_Buffer), (12 bytes).
    Removing usart_function.o(i.privat_Manual_Pulse_Trigger_packet_handler), (4 bytes).
    Removing system_stm32f1xx.o(.rev16_text), (4 bytes).
    Removing system_stm32f1xx.o(.revsh_text), (4 bytes).
    Removing system_stm32f1xx.o(.rrx_text), (6 bytes).
    Removing system_stm32f1xx.o(i.SystemCoreClockUpdate), (112 bytes).

374 unused section(s) (total 21084 bytes) removed from the image.

==============================================================================

Image Symbol Table

    Local Symbols

    Symbol Name                              Value     Ov Type        Size  Object(Section)

    ../Drivers/STM32F1xx_HAL_Driver/Src/stm32f1xx_hal.c 0x00000000   Number         0  stm32f1xx_hal.o ABSOLUTE
    ../Drivers/STM32F1xx_HAL_Driver/Src/stm32f1xx_hal_adc.c 0x00000000   Number         0  stm32f1xx_hal_adc.o ABSOLUTE
    ../Drivers/STM32F1xx_HAL_Driver/Src/stm32f1xx_hal_adc_ex.c 0x00000000   Number         0  stm32f1xx_hal_adc_ex.o ABSOLUTE
    ../Drivers/STM32F1xx_HAL_Driver/Src/stm32f1xx_hal_cortex.c 0x00000000   Number         0  stm32f1xx_hal_cortex.o ABSOLUTE
    ../Drivers/STM32F1xx_HAL_Driver/Src/stm32f1xx_hal_dac.c 0x00000000   Number         0  stm32f1xx_hal_dac.o ABSOLUTE
    ../Drivers/STM32F1xx_HAL_Driver/Src/stm32f1xx_hal_dac_ex.c 0x00000000   Number         0  stm32f1xx_hal_dac_ex.o ABSOLUTE
    ../Drivers/STM32F1xx_HAL_Driver/Src/stm32f1xx_hal_dma.c 0x00000000   Number         0  stm32f1xx_hal_dma.o ABSOLUTE
    ../Drivers/STM32F1xx_HAL_Driver/Src/stm32f1xx_hal_flash.c 0x00000000   Number         0  stm32f1xx_hal_flash.o ABSOLUTE
    ../Drivers/STM32F1xx_HAL_Driver/Src/stm32f1xx_hal_flash_ex.c 0x00000000   Number         0  stm32f1xx_hal_flash_ex.o ABSOLUTE
    ../Drivers/STM32F1xx_HAL_Driver/Src/stm32f1xx_hal_gpio.c 0x00000000   Number         0  stm32f1xx_hal_gpio.o ABSOLUTE
    ../Drivers/STM32F1xx_HAL_Driver/Src/stm32f1xx_hal_gpio_ex.c 0x00000000   Number         0  stm32f1xx_hal_gpio_ex.o ABSOLUTE
    ../Drivers/STM32F1xx_HAL_Driver/Src/stm32f1xx_hal_pwr.c 0x00000000   Number         0  stm32f1xx_hal_pwr.o ABSOLUTE
    ../Drivers/STM32F1xx_HAL_Driver/Src/stm32f1xx_hal_rcc.c 0x00000000   Number         0  stm32f1xx_hal_rcc.o ABSOLUTE
    ../Drivers/STM32F1xx_HAL_Driver/Src/stm32f1xx_hal_rcc_ex.c 0x00000000   Number         0  stm32f1xx_hal_rcc_ex.o ABSOLUTE
    ../Drivers/STM32F1xx_HAL_Driver/Src/stm32f1xx_hal_tim.c 0x00000000   Number         0  stm32f1xx_hal_tim.o ABSOLUTE
    ../Drivers/STM32F1xx_HAL_Driver/Src/stm32f1xx_hal_tim_ex.c 0x00000000   Number         0  stm32f1xx_hal_tim_ex.o ABSOLUTE
    ../Drivers/STM32F1xx_HAL_Driver/Src/stm32f1xx_hal_uart.c 0x00000000   Number         0  stm32f1xx_hal_uart.o ABSOLUTE
    ../Src/main.c                            0x00000000   Number         0  main.o ABSOLUTE
    ../Src/stm32f1xx_hal_msp.c               0x00000000   Number         0  stm32f1xx_hal_msp.o ABSOLUTE
    ../Src/stm32f1xx_it.c                    0x00000000   Number         0  stm32f1xx_it.o ABSOLUTE
    ../Src/system_stm32f1xx.c                0x00000000   Number         0  system_stm32f1xx.o ABSOLUTE
    ../clib/microlib/init/entry.s            0x00000000   Number         0  entry7a.o ABSOLUTE
    ../clib/microlib/init/entry.s            0x00000000   Number         0  entry5.o ABSOLUTE
    ../clib/microlib/init/entry.s            0x00000000   Number         0  entry2.o ABSOLUTE
    ../clib/microlib/init/entry.s            0x00000000   Number         0  entry9b.o ABSOLUTE
    ../clib/microlib/init/entry.s            0x00000000   Number         0  entry8b.o ABSOLUTE
    ../clib/microlib/init/entry.s            0x00000000   Number         0  entry8a.o ABSOLUTE
    ../clib/microlib/init/entry.s            0x00000000   Number         0  entry7b.o ABSOLUTE
    ../clib/microlib/init/entry.s            0x00000000   Number         0  entry9a.o ABSOLUTE
    ../clib/microlib/init/entry.s            0x00000000   Number         0  entry.o ABSOLUTE
    ../clib/microlib/init/entry.s            0x00000000   Number         0  entry11b.o ABSOLUTE
    ../clib/microlib/init/entry.s            0x00000000   Number         0  entry11a.o ABSOLUTE
    ../clib/microlib/init/entry.s            0x00000000   Number         0  entry10b.o ABSOLUTE
    ../clib/microlib/init/entry.s            0x00000000   Number         0  entry10a.o ABSOLUTE
    ../clib/microlib/longlong.c              0x00000000   Number         0  llushr.o ABSOLUTE
    ../clib/microlib/string/memcpy.c         0x00000000   Number         0  memcpya.o ABSOLUTE
    ../clib/microlib/string/memcpy.c         0x00000000   Number         0  memcpyb.o ABSOLUTE
    ../clib/microlib/stubs.s                 0x00000000   Number         0  iusefp.o ABSOLUTE
    ../fplib/microlib/fpadd.c                0x00000000   Number         0  fadd.o ABSOLUTE
    ../fplib/microlib/fpepilogue.c           0x00000000   Number         0  fepilogue.o ABSOLUTE
    ../fplib/microlib/fpfix.c                0x00000000   Number         0  ffixui.o ABSOLUTE
    ../fplib/microlib/fpflt.c                0x00000000   Number         0  fflti.o ABSOLUTE
    ../fplib/microlib/fpflt.c                0x00000000   Number         0  ffltui.o ABSOLUTE
    ../fplib/microlib/fpmul.c                0x00000000   Number         0  fmul.o ABSOLUTE
    ..\Drivers\STM32F1xx_HAL_Driver\Src\stm32f1xx_hal.c 0x00000000   Number         0  stm32f1xx_hal.o ABSOLUTE
    ..\Drivers\STM32F1xx_HAL_Driver\Src\stm32f1xx_hal_adc.c 0x00000000   Number         0  stm32f1xx_hal_adc.o ABSOLUTE
    ..\Drivers\STM32F1xx_HAL_Driver\Src\stm32f1xx_hal_adc_ex.c 0x00000000   Number         0  stm32f1xx_hal_adc_ex.o ABSOLUTE
    ..\Drivers\STM32F1xx_HAL_Driver\Src\stm32f1xx_hal_cortex.c 0x00000000   Number         0  stm32f1xx_hal_cortex.o ABSOLUTE
    ..\Drivers\STM32F1xx_HAL_Driver\Src\stm32f1xx_hal_dac.c 0x00000000   Number         0  stm32f1xx_hal_dac.o ABSOLUTE
    ..\Drivers\STM32F1xx_HAL_Driver\Src\stm32f1xx_hal_dac_ex.c 0x00000000   Number         0  stm32f1xx_hal_dac_ex.o ABSOLUTE
    ..\Drivers\STM32F1xx_HAL_Driver\Src\stm32f1xx_hal_dma.c 0x00000000   Number         0  stm32f1xx_hal_dma.o ABSOLUTE
    ..\Drivers\STM32F1xx_HAL_Driver\Src\stm32f1xx_hal_flash.c 0x00000000   Number         0  stm32f1xx_hal_flash.o ABSOLUTE
    ..\Drivers\STM32F1xx_HAL_Driver\Src\stm32f1xx_hal_flash_ex.c 0x00000000   Number         0  stm32f1xx_hal_flash_ex.o ABSOLUTE
    ..\Drivers\STM32F1xx_HAL_Driver\Src\stm32f1xx_hal_gpio.c 0x00000000   Number         0  stm32f1xx_hal_gpio.o ABSOLUTE
    ..\Drivers\STM32F1xx_HAL_Driver\Src\stm32f1xx_hal_gpio_ex.c 0x00000000   Number         0  stm32f1xx_hal_gpio_ex.o ABSOLUTE
    ..\Drivers\STM32F1xx_HAL_Driver\Src\stm32f1xx_hal_pwr.c 0x00000000   Number         0  stm32f1xx_hal_pwr.o ABSOLUTE
    ..\Drivers\STM32F1xx_HAL_Driver\Src\stm32f1xx_hal_rcc.c 0x00000000   Number         0  stm32f1xx_hal_rcc.o ABSOLUTE
    ..\Drivers\STM32F1xx_HAL_Driver\Src\stm32f1xx_hal_rcc_ex.c 0x00000000   Number         0  stm32f1xx_hal_rcc_ex.o ABSOLUTE
    ..\Drivers\STM32F1xx_HAL_Driver\Src\stm32f1xx_hal_tim.c 0x00000000   Number         0  stm32f1xx_hal_tim.o ABSOLUTE
    ..\Drivers\STM32F1xx_HAL_Driver\Src\stm32f1xx_hal_tim_ex.c 0x00000000   Number         0  stm32f1xx_hal_tim_ex.o ABSOLUTE
    ..\Drivers\STM32F1xx_HAL_Driver\Src\stm32f1xx_hal_uart.c 0x00000000   Number         0  stm32f1xx_hal_uart.o ABSOLUTE
    ..\Src\Channel_function.c                0x00000000   Number         0  channel_function.o ABSOLUTE
    ..\Src\MISC_function.c                   0x00000000   Number         0  misc_function.o ABSOLUTE
    ..\Src\USART_function.c                  0x00000000   Number         0  usart_function.o ABSOLUTE
    ..\Src\main.c                            0x00000000   Number         0  main.o ABSOLUTE
    ..\Src\stm32f1xx_hal_msp.c               0x00000000   Number         0  stm32f1xx_hal_msp.o ABSOLUTE
    ..\Src\stm32f1xx_it.c                    0x00000000   Number         0  stm32f1xx_it.o ABSOLUTE
    ..\Src\system_stm32f1xx.c                0x00000000   Number         0  system_stm32f1xx.o ABSOLUTE
    ..\\Src\\Channel_function.c              0x00000000   Number         0  channel_function.o ABSOLUTE
    ..\\Src\\MISC_function.c                 0x00000000   Number         0  misc_function.o ABSOLUTE
    ..\\Src\\USART_function.c                0x00000000   Number         0  usart_function.o ABSOLUTE
    dc.s                                     0x00000000   Number         0  dc.o ABSOLUTE
    handlers.s                               0x00000000   Number         0  handlers.o ABSOLUTE
    init.s                                   0x00000000   Number         0  init.o ABSOLUTE
    startup_stm32f100xb.s                    0x00000000   Number         0  startup_stm32f100xb.o ABSOLUTE
    RESET                                    0x08000000   Section      288  startup_stm32f100xb.o(RESET)
    .ARM.Collect$$$$00000000                 0x08000120   Section        0  entry.o(.ARM.Collect$$$$00000000)
    .ARM.Collect$$$$00000001                 0x08000120   Section        4  entry2.o(.ARM.Collect$$$$00000001)
    .ARM.Collect$$$$00000004                 0x08000124   Section        4  entry5.o(.ARM.Collect$$$$00000004)
    .ARM.Collect$$$$00000008                 0x08000128   Section        0  entry7b.o(.ARM.Collect$$$$00000008)
    .ARM.Collect$$$$0000000A                 0x08000128   Section        0  entry8b.o(.ARM.Collect$$$$0000000A)
    .ARM.Collect$$$$0000000B                 0x08000128   Section        8  entry9a.o(.ARM.Collect$$$$0000000B)
    .ARM.Collect$$$$0000000D                 0x08000130   Section        0  entry10a.o(.ARM.Collect$$$$0000000D)
    .ARM.Collect$$$$0000000F                 0x08000130   Section        0  entry11a.o(.ARM.Collect$$$$0000000F)
    .ARM.Collect$$$$00002712                 0x08000130   Section        4  entry2.o(.ARM.Collect$$$$00002712)
    __lit__00000000                          0x08000130   Data           4  entry2.o(.ARM.Collect$$$$00002712)
    .text                                    0x08000134   Section       36  startup_stm32f100xb.o(.text)
    .text                                    0x08000158   Section        0  memcpya.o(.text)
    .text                                    0x0800017c   Section        0  fadd.o(.text)
    .text                                    0x0800022c   Section        0  fmul.o(.text)
    .text                                    0x08000290   Section        0  fflti.o(.text)
    .text                                    0x080002a2   Section        0  ffltui.o(.text)
    .text                                    0x080002ac   Section        0  ffixui.o(.text)
    .text                                    0x080002d4   Section        0  fepilogue.o(.text)
    .text                                    0x080002d4   Section        0  iusefp.o(.text)
    .text                                    0x08000344   Section       36  init.o(.text)
    i.ADC_ConversionStop_Disable             0x08000368   Section        0  stm32f1xx_hal_adc.o(i.ADC_ConversionStop_Disable)
    i.ADC_DMAConvCplt                        0x080003b4   Section        0  stm32f1xx_hal_adc.o(i.ADC_DMAConvCplt)
    i.ADC_DMAError                           0x08000402   Section        0  stm32f1xx_hal_adc.o(i.ADC_DMAError)
    i.ADC_DMAHalfConvCplt                    0x0800041c   Section        0  stm32f1xx_hal_adc.o(i.ADC_DMAHalfConvCplt)
    i.ADC_Enable                             0x08000428   Section        0  stm32f1xx_hal_adc.o(i.ADC_Enable)
    i.BusFault_Handler                       0x08000498   Section        0  stm32f1xx_it.o(i.BusFault_Handler)
    i.Channel_ManualPulseTrigger             0x0800049c   Section        0  channel_function.o(i.Channel_ManualPulseTrigger)
    i.Channel_SetAmplitude                   0x080004a8   Section        0  channel_function.o(i.Channel_SetAmplitude)
    i.Channel_SetDeadTimeWidth               0x080004e8   Section        0  channel_function.o(i.Channel_SetDeadTimeWidth)
    i.Channel_SetInterFrameTimeWidth         0x08000508   Section        0  channel_function.o(i.Channel_SetInterFrameTimeWidth)
    i.Channel_SetInterPulseTimeWidth         0x08000570   Section        0  channel_function.o(i.Channel_SetInterPulseTimeWidth)
    i.Channel_SetMode                        0x08000590   Section        0  channel_function.o(i.Channel_SetMode)
    i.Channel_SetPulseRepetitionCnt          0x080005ac   Section        0  channel_function.o(i.Channel_SetPulseRepetitionCnt)
    i.Channel_SetPulseWidth                  0x080005c4   Section        0  channel_function.o(i.Channel_SetPulseWidth)
    i.Channel_UpdateOutput                   0x080005e4   Section        0  channel_function.o(i.Channel_UpdateOutput)
    i.CyclicSupervisionTask                  0x0800082c   Section        0  main.o(i.CyclicSupervisionTask)
    i.DMA1_Channel1_IRQHandler               0x080008d8   Section        0  stm32f1xx_it.o(i.DMA1_Channel1_IRQHandler)
    i.DMA1_Channel2_IRQHandler               0x080008e4   Section        0  stm32f1xx_it.o(i.DMA1_Channel2_IRQHandler)
    i.DMA1_Channel3_IRQHandler               0x080008f0   Section        0  stm32f1xx_it.o(i.DMA1_Channel3_IRQHandler)
    i.DMA_SetConfig                          0x080008fc   Section        0  stm32f1xx_hal_dma.o(i.DMA_SetConfig)
    DMA_SetConfig                            0x080008fd   Thumb Code    30  stm32f1xx_hal_dma.o(i.DMA_SetConfig)
    i.DebugMon_Handler                       0x0800091a   Section        0  stm32f1xx_it.o(i.DebugMon_Handler)
    i.Delay_ms_dummy                         0x0800091c   Section        0  misc_function.o(i.Delay_ms_dummy)
    i.Error_Handler                          0x08000940   Section        0  main.o(i.Error_Handler)
    i.HAL_ADCEx_Calibration_Start            0x08000944   Section        0  stm32f1xx_hal_adc_ex.o(i.HAL_ADCEx_Calibration_Start)
    i.HAL_ADC_ConfigChannel                  0x08000a0c   Section        0  stm32f1xx_hal_adc.o(i.HAL_ADC_ConfigChannel)
    i.HAL_ADC_ConvCpltCallback               0x08000b74   Section        0  stm32f1xx_hal_adc.o(i.HAL_ADC_ConvCpltCallback)
    i.HAL_ADC_ConvHalfCpltCallback           0x08000b76   Section        0  stm32f1xx_hal_adc.o(i.HAL_ADC_ConvHalfCpltCallback)
    i.HAL_ADC_ErrorCallback                  0x08000b78   Section        0  stm32f1xx_hal_adc.o(i.HAL_ADC_ErrorCallback)
    i.HAL_ADC_Init                           0x08000b7c   Section        0  stm32f1xx_hal_adc.o(i.HAL_ADC_Init)
    i.HAL_ADC_MspInit                        0x08000cb0   Section        0  stm32f1xx_hal_msp.o(i.HAL_ADC_MspInit)
    i.HAL_ADC_Start_DMA                      0x08000d28   Section        0  stm32f1xx_hal_adc.o(i.HAL_ADC_Start_DMA)
    i.HAL_DACEx_DMAUnderrunCallbackCh2       0x08000df8   Section        0  stm32f1xx_hal_dac_ex.o(i.HAL_DACEx_DMAUnderrunCallbackCh2)
    i.HAL_DAC_ConfigChannel                  0x08000dfa   Section        0  stm32f1xx_hal_dac.o(i.HAL_DAC_ConfigChannel)
    i.HAL_DAC_DMAUnderrunCallbackCh1         0x08000e3c   Section        0  stm32f1xx_hal_dac_ex.o(i.HAL_DAC_DMAUnderrunCallbackCh1)
    i.HAL_DAC_IRQHandler                     0x08000e3e   Section        0  stm32f1xx_hal_dac_ex.o(i.HAL_DAC_IRQHandler)
    i.HAL_DAC_Init                           0x08000ea2   Section        0  stm32f1xx_hal_dac.o(i.HAL_DAC_Init)
    i.HAL_DAC_MspInit                        0x08000ecc   Section        0  stm32f1xx_hal_msp.o(i.HAL_DAC_MspInit)
    i.HAL_DAC_SetValue                       0x08000f1c   Section        0  stm32f1xx_hal_dac.o(i.HAL_DAC_SetValue)
    i.HAL_DAC_Start                          0x08000f36   Section        0  stm32f1xx_hal_dac.o(i.HAL_DAC_Start)
    i.HAL_DMA_IRQHandler                     0x08000f8c   Section        0  stm32f1xx_hal_dma.o(i.HAL_DMA_IRQHandler)
    i.HAL_DMA_Init                           0x080011f8   Section        0  stm32f1xx_hal_dma.o(i.HAL_DMA_Init)
    i.HAL_DMA_Start_IT                       0x08001248   Section        0  stm32f1xx_hal_dma.o(i.HAL_DMA_Start_IT)
    i.HAL_Delay                              0x080012a0   Section        0  stm32f1xx_hal.o(i.HAL_Delay)
    i.HAL_GPIO_Init                          0x080012b8   Section        0  stm32f1xx_hal_gpio.o(i.HAL_GPIO_Init)
    i.HAL_GetTick                            0x08001474   Section        0  stm32f1xx_hal.o(i.HAL_GetTick)
    i.HAL_IncTick                            0x08001480   Section        0  stm32f1xx_hal.o(i.HAL_IncTick)
    i.HAL_Init                               0x08001490   Section        0  stm32f1xx_hal.o(i.HAL_Init)
    i.HAL_InitTick                           0x080014a6   Section        0  stm32f1xx_hal.o(i.HAL_InitTick)
    i.HAL_MspInit                            0x080014c8   Section        0  stm32f1xx_hal_msp.o(i.HAL_MspInit)
    i.HAL_NVIC_EnableIRQ                     0x08001548   Section        0  stm32f1xx_hal_cortex.o(i.HAL_NVIC_EnableIRQ)
    i.HAL_NVIC_SetPriority                   0x08001560   Section        0  stm32f1xx_hal_cortex.o(i.HAL_NVIC_SetPriority)
    i.HAL_NVIC_SetPriorityGrouping           0x080015a0   Section        0  stm32f1xx_hal_cortex.o(i.HAL_NVIC_SetPriorityGrouping)
    i.HAL_RCCEx_GetPeriphCLKFreq             0x080015c4   Section        0  stm32f1xx_hal_rcc_ex.o(i.HAL_RCCEx_GetPeriphCLKFreq)
    i.HAL_RCCEx_PeriphCLKConfig              0x0800162c   Section        0  stm32f1xx_hal_rcc_ex.o(i.HAL_RCCEx_PeriphCLKConfig)
    i.HAL_RCC_ClockConfig                    0x08001748   Section        0  stm32f1xx_hal_rcc.o(i.HAL_RCC_ClockConfig)
    i.HAL_RCC_GetHCLKFreq                    0x08001878   Section        0  stm32f1xx_hal_rcc.o(i.HAL_RCC_GetHCLKFreq)
    i.HAL_RCC_GetPCLK1Freq                   0x08001884   Section        0  stm32f1xx_hal_rcc.o(i.HAL_RCC_GetPCLK1Freq)
    i.HAL_RCC_GetPCLK2Freq                   0x080018b4   Section        0  stm32f1xx_hal_rcc.o(i.HAL_RCC_GetPCLK2Freq)
    i.HAL_RCC_GetSysClockFreq                0x080018e4   Section        0  stm32f1xx_hal_rcc.o(i.HAL_RCC_GetSysClockFreq)
    i.HAL_RCC_OscConfig                      0x08001978   Section        0  stm32f1xx_hal_rcc.o(i.HAL_RCC_OscConfig)
    i.HAL_SYSTICK_CLKSourceConfig            0x08001ef6   Section        0  stm32f1xx_hal_cortex.o(i.HAL_SYSTICK_CLKSourceConfig)
    i.HAL_SYSTICK_Callback                   0x08001f0e   Section        0  stm32f1xx_hal_cortex.o(i.HAL_SYSTICK_Callback)
    i.HAL_SYSTICK_Config                     0x08001f10   Section        0  stm32f1xx_hal_cortex.o(i.HAL_SYSTICK_Config)
    i.HAL_SYSTICK_IRQHandler                 0x08001f38   Section        0  stm32f1xx_hal_cortex.o(i.HAL_SYSTICK_IRQHandler)
    i.HAL_TIMEx_BreakCallback                0x08001f40   Section        0  stm32f1xx_hal_tim_ex.o(i.HAL_TIMEx_BreakCallback)
    i.HAL_TIMEx_CommutationCallback          0x08001f42   Section        0  stm32f1xx_hal_tim_ex.o(i.HAL_TIMEx_CommutationCallback)
    i.HAL_TIMEx_MasterConfigSynchronization  0x08001f44   Section        0  stm32f1xx_hal_tim_ex.o(i.HAL_TIMEx_MasterConfigSynchronization)
    i.HAL_TIM_Base_Init                      0x08001f94   Section        0  stm32f1xx_hal_tim.o(i.HAL_TIM_Base_Init)
    i.HAL_TIM_Base_MspInit                   0x08001fcc   Section        0  stm32f1xx_hal_msp.o(i.HAL_TIM_Base_MspInit)
    i.HAL_TIM_Base_Start_IT                  0x08002030   Section        0  stm32f1xx_hal_tim.o(i.HAL_TIM_Base_Start_IT)
    i.HAL_TIM_IC_CaptureCallback             0x08002048   Section        0  stm32f1xx_hal_tim.o(i.HAL_TIM_IC_CaptureCallback)
    i.HAL_TIM_IRQHandler                     0x0800204a   Section        0  stm32f1xx_hal_tim.o(i.HAL_TIM_IRQHandler)
    i.HAL_TIM_MspPostInit                    0x080021b0   Section        0  stm32f1xx_hal_msp.o(i.HAL_TIM_MspPostInit)
    i.HAL_TIM_OC_DelayElapsedCallback        0x08002208   Section        0  stm32f1xx_hal_tim.o(i.HAL_TIM_OC_DelayElapsedCallback)
    i.HAL_TIM_PWM_ConfigChannel              0x0800220a   Section        0  stm32f1xx_hal_tim.o(i.HAL_TIM_PWM_ConfigChannel)
    i.HAL_TIM_PWM_Init                       0x080022da   Section        0  stm32f1xx_hal_tim.o(i.HAL_TIM_PWM_Init)
    i.HAL_TIM_PWM_MspInit                    0x08002310   Section        0  stm32f1xx_hal_msp.o(i.HAL_TIM_PWM_MspInit)
    i.HAL_TIM_PWM_PulseFinishedCallback      0x0800234c   Section        0  stm32f1xx_hal_tim.o(i.HAL_TIM_PWM_PulseFinishedCallback)
    i.HAL_TIM_PWM_Start                      0x08002350   Section        0  stm32f1xx_hal_tim.o(i.HAL_TIM_PWM_Start)
    i.HAL_TIM_PeriodElapsedCallback          0x0800239c   Section        0  main.o(i.HAL_TIM_PeriodElapsedCallback)
    i.HAL_TIM_TriggerCallback                0x080023bc   Section        0  stm32f1xx_hal_tim.o(i.HAL_TIM_TriggerCallback)
    i.HAL_UART_ErrorCallback                 0x080023be   Section        0  stm32f1xx_hal_uart.o(i.HAL_UART_ErrorCallback)
    i.HAL_UART_IRQHandler                    0x080023c0   Section        0  stm32f1xx_hal_uart.o(i.HAL_UART_IRQHandler)
    i.HAL_UART_Init                          0x0800249a   Section        0  stm32f1xx_hal_uart.o(i.HAL_UART_Init)
    i.HAL_UART_MspInit                       0x080024f8   Section        0  stm32f1xx_hal_msp.o(i.HAL_UART_MspInit)
    i.HAL_UART_Receive_DMA                   0x080025bc   Section        0  stm32f1xx_hal_uart.o(i.HAL_UART_Receive_DMA)
    i.HAL_UART_RxCpltCallback                0x08002644   Section        0  stm32f1xx_hal_uart.o(i.HAL_UART_RxCpltCallback)
    i.HAL_UART_RxHalfCpltCallback            0x08002646   Section        0  stm32f1xx_hal_uart.o(i.HAL_UART_RxHalfCpltCallback)
    i.HAL_UART_Transmit_DMA                  0x08002648   Section        0  stm32f1xx_hal_uart.o(i.HAL_UART_Transmit_DMA)
    i.HAL_UART_TxCpltCallback                0x080026d8   Section        0  stm32f1xx_hal_uart.o(i.HAL_UART_TxCpltCallback)
    i.HAL_UART_TxHalfCpltCallback            0x080026da   Section        0  stm32f1xx_hal_uart.o(i.HAL_UART_TxHalfCpltCallback)
    i.HardFault_Handler                      0x080026dc   Section        0  stm32f1xx_it.o(i.HardFault_Handler)
    i.LedConfig                              0x080026e0   Section        0  main.o(i.LedConfig)
    i.MX_ADC1_Init                           0x08002718   Section        0  main.o(i.MX_ADC1_Init)
    MX_ADC1_Init                             0x08002719   Thumb Code   132  main.o(i.MX_ADC1_Init)
    i.MX_TIM2_Init                           0x080027a4   Section        0  main.o(i.MX_TIM2_Init)
    MX_TIM2_Init                             0x080027a5   Thumb Code    90  main.o(i.MX_TIM2_Init)
    i.MX_TIM3_Init                           0x08002804   Section        0  main.o(i.MX_TIM3_Init)
    MX_TIM3_Init                             0x08002805   Thumb Code    90  main.o(i.MX_TIM3_Init)
    i.MemManage_Handler                      0x08002868   Section        0  stm32f1xx_it.o(i.MemManage_Handler)
    i.MiscInit                               0x0800286c   Section        0  main.o(i.MiscInit)
    i.NMI_Handler                            0x080028fc   Section        0  stm32f1xx_it.o(i.NMI_Handler)
    i.NVIC_SetPriority                       0x080028fe   Section        0  stm32f1xx_hal_cortex.o(i.NVIC_SetPriority)
    NVIC_SetPriority                         0x080028ff   Thumb Code    32  stm32f1xx_hal_cortex.o(i.NVIC_SetPriority)
    i.PendSV_Handler                         0x0800291e   Section        0  stm32f1xx_it.o(i.PendSV_Handler)
    i.SVC_Handler                            0x08002920   Section        0  stm32f1xx_it.o(i.SVC_Handler)
    i.SysTick_Handler                        0x08002922   Section        0  stm32f1xx_it.o(i.SysTick_Handler)
    i.SystemClock_Config                     0x08002930   Section        0  main.o(i.SystemClock_Config)
    i.SystemInit                             0x080029a0   Section        0  system_stm32f1xx.o(i.SystemInit)
    i.TIM6_DAC_IRQHandler                    0x080029ec   Section        0  stm32f1xx_it.o(i.TIM6_DAC_IRQHandler)
    i.TIM7_IRQHandler                        0x08002a08   Section        0  stm32f1xx_it.o(i.TIM7_IRQHandler)
    i.TIM_Base_SetConfig                     0x08002a14   Section        0  stm32f1xx_hal_tim.o(i.TIM_Base_SetConfig)
    i.TIM_CCxChannelCmd                      0x08002aa4   Section        0  stm32f1xx_hal_tim.o(i.TIM_CCxChannelCmd)
    i.TIM_OC1_SetConfig                      0x08002abc   Section        0  stm32f1xx_hal_tim.o(i.TIM_OC1_SetConfig)
    TIM_OC1_SetConfig                        0x08002abd   Thumb Code   112  stm32f1xx_hal_tim.o(i.TIM_OC1_SetConfig)
    i.TIM_OC2_SetConfig                      0x08002b3c   Section        0  stm32f1xx_hal_tim.o(i.TIM_OC2_SetConfig)
    i.TIM_OC3_SetConfig                      0x08002bb4   Section        0  stm32f1xx_hal_tim.o(i.TIM_OC3_SetConfig)
    TIM_OC3_SetConfig                        0x08002bb5   Thumb Code   102  stm32f1xx_hal_tim.o(i.TIM_OC3_SetConfig)
    i.TIM_OC4_SetConfig                      0x08002c2c   Section        0  stm32f1xx_hal_tim.o(i.TIM_OC4_SetConfig)
    TIM_OC4_SetConfig                        0x08002c2d   Thumb Code    82  stm32f1xx_hal_tim.o(i.TIM_OC4_SetConfig)
    i.UART_DMAError                          0x08002c90   Section        0  stm32f1xx_hal_uart.o(i.UART_DMAError)
    UART_DMAError                            0x08002c91   Thumb Code    30  stm32f1xx_hal_uart.o(i.UART_DMAError)
    i.UART_DMAReceiveCplt                    0x08002cb0   Section        0  stm32f1xx_hal_uart.o(i.UART_DMAReceiveCplt)
    UART_DMAReceiveCplt                      0x08002cb1   Thumb Code    54  stm32f1xx_hal_uart.o(i.UART_DMAReceiveCplt)
    i.UART_DMARxHalfCplt                     0x08002ce6   Section        0  stm32f1xx_hal_uart.o(i.UART_DMARxHalfCplt)
    UART_DMARxHalfCplt                       0x08002ce7   Thumb Code    10  stm32f1xx_hal_uart.o(i.UART_DMARxHalfCplt)
    i.UART_DMATransmitCplt                   0x08002cf0   Section        0  stm32f1xx_hal_uart.o(i.UART_DMATransmitCplt)
    UART_DMATransmitCplt                     0x08002cf1   Thumb Code    46  stm32f1xx_hal_uart.o(i.UART_DMATransmitCplt)
    i.UART_DMATxHalfCplt                     0x08002d1e   Section        0  stm32f1xx_hal_uart.o(i.UART_DMATxHalfCplt)
    UART_DMATxHalfCplt                       0x08002d1f   Thumb Code    10  stm32f1xx_hal_uart.o(i.UART_DMATxHalfCplt)
    i.UART_Receive_IT                        0x08002d28   Section        0  stm32f1xx_hal_uart.o(i.UART_Receive_IT)
    UART_Receive_IT                          0x08002d29   Thumb Code   168  stm32f1xx_hal_uart.o(i.UART_Receive_IT)
    i.UART_SetConfig                         0x08002dd0   Section        0  stm32f1xx_hal_uart.o(i.UART_SetConfig)
    UART_SetConfig                           0x08002dd1   Thumb Code   364  stm32f1xx_hal_uart.o(i.UART_SetConfig)
    i.UART_Transmit_IT                       0x08002f40   Section        0  stm32f1xx_hal_uart.o(i.UART_Transmit_IT)
    UART_Transmit_IT                         0x08002f41   Thumb Code   102  stm32f1xx_hal_uart.o(i.UART_Transmit_IT)
    i.USART3_IRQHandler                      0x08002fa8   Section        0  stm32f1xx_it.o(i.USART3_IRQHandler)
    i.USART_add_7BitChar_To_TxBuffer         0x08002fb4   Section        0  usart_function.o(i.USART_add_7BitChar_To_TxBuffer)
    i.USART_add_float_To_TxBuffer            0x08002ff4   Section        0  usart_function.o(i.USART_add_float_To_TxBuffer)
    i.USART_add_uint32_To_TxBuffer           0x08003060   Section        0  usart_function.o(i.USART_add_uint32_To_TxBuffer)
    i.USART_rx_handler                       0x080030cc   Section        0  usart_function.o(i.USART_rx_handler)
    i.USART_rx_init                          0x08003178   Section        0  usart_function.o(i.USART_rx_init)
    i.USART_send_buffer                      0x08003188   Section        0  usart_function.o(i.USART_send_buffer)
    i.UsageFault_Handler                     0x080031d0   Section        0  stm32f1xx_it.o(i.UsageFault_Handler)
    i.__scatterload_copy                     0x080031d2   Section       14  handlers.o(i.__scatterload_copy)
    i.__scatterload_null                     0x080031e0   Section        2  handlers.o(i.__scatterload_null)
    i.__scatterload_zeroinit                 0x080031e2   Section       14  handlers.o(i.__scatterload_zeroinit)
    i.main                                   0x080031f0   Section        0  main.o(i.main)
    i.privat_ConvBits2float                  0x08003360   Section        0  usart_function.o(i.privat_ConvBits2float)
    i.privat_ConvBits2uint32                 0x08003394   Section        0  usart_function.o(i.privat_ConvBits2uint32)
    i.privat_Debug_packet_handler            0x080033c8   Section        0  usart_function.o(i.privat_Debug_packet_handler)
    i.privat_Set_All_Channel_Param_packet_handler 0x08003408   Section        0  usart_function.o(i.privat_Set_All_Channel_Param_packet_handler)
    i.privat_Set_Single_Channel_Param_packet_handler 0x0800353c   Section        0  usart_function.o(i.privat_Set_Single_Channel_Param_packet_handler)
    i.privat_Status_packet_handler           0x08003610   Section        0  usart_function.o(i.privat_Status_packet_handler)
    .constdata                               0x080036c8   Section       16  system_stm32f1xx.o(.constdata)
    .constdata                               0x080036d8   Section        8  system_stm32f1xx.o(.constdata)
    .data                                    0x20000000   Section        4  stm32f1xx_hal.o(.data)
    uwTick                                   0x20000000   Data           4  stm32f1xx_hal.o(.data)
    .data                                    0x20000004   Section       12  main.o(.data)
    .data                                    0x20000010   Section       76  channel_function.o(.data)
    currentState                             0x20000011   Data           1  channel_function.o(.data)
    PulseCounter                             0x20000014   Data           4  channel_function.o(.data)
    t4_multiplierCounter                     0x20000018   Data           4  channel_function.o(.data)
    .data                                    0x2000005c   Section        6  usart_function.o(.data)
    PacketRxState                            0x2000005c   Data           1  usart_function.o(.data)
    txBufferCnt                              0x2000005d   Data           1  usart_function.o(.data)
    txBufferID                               0x2000005e   Data           1  usart_function.o(.data)
    rxBufferID                               0x2000005f   Data           1  usart_function.o(.data)
    FrameStartID                             0x20000060   Data           1  usart_function.o(.data)
    ByteCounter                              0x20000061   Data           1  usart_function.o(.data)
    .data                                    0x20000064   Section        4  system_stm32f1xx.o(.data)
    .bss                                     0x20000068   Section      384  main.o(.bss)
    .bss                                     0x200001e8   Section       56  main.o(.bss)
    .bss                                     0x20000220   Section       56  main.o(.bss)
    .bss                                     0x20000258   Section       56  main.o(.bss)
    .bss                                     0x20000290   Section      768  usart_function.o(.bss)
    rxDataBuffer                             0x20000290   Data         256  usart_function.o(.bss)
    txDataBuffer0                            0x20000390   Data         256  usart_function.o(.bss)
    txDataBuffer1                            0x20000490   Data         256  usart_function.o(.bss)
    STACK                                    0x20000590   Section     1024  startup_stm32f100xb.o(STACK)

    Global Symbols

    Symbol Name                              Value     Ov Type        Size  Object(Section)

    BuildAttributes$$THM_ISAv4$P$D$K$B$S$PE$A:L22UL41UL21$X:L11$S22US41US21$IEEE1$IW$USESV6$~STKCKD$USESV7$~SHL$OTIME$ROPI$EBA8$MICROLIB$REQ8$PRES8$EABIv2 0x00000000   Number         0  anon$$obj.o ABSOLUTE
    __ARM_use_no_argv                        0x00000000   Number         0  main.o ABSOLUTE
    __cpp_initialize__aeabi_                  - Undefined Weak Reference
    __cxa_finalize                            - Undefined Weak Reference
    __decompress                              - Undefined Weak Reference
    _clock_init                               - Undefined Weak Reference
    _microlib_exit                            - Undefined Weak Reference
    __Vectors_Size                           0x00000120   Number         0  startup_stm32f100xb.o ABSOLUTE
    __Vectors                                0x08000000   Data           4  startup_stm32f100xb.o(RESET)
    __Vectors_End                            0x08000120   Data           0  startup_stm32f100xb.o(RESET)
    __main                                   0x08000121   Thumb Code     0  entry.o(.ARM.Collect$$$$00000000)
    _main_stk                                0x08000121   Thumb Code     0  entry2.o(.ARM.Collect$$$$00000001)
    _main_scatterload                        0x08000125   Thumb Code     0  entry5.o(.ARM.Collect$$$$00000004)
    __main_after_scatterload                 0x08000129   Thumb Code     0  entry5.o(.ARM.Collect$$$$00000004)
    _main_clock                              0x08000129   Thumb Code     0  entry7b.o(.ARM.Collect$$$$00000008)
    _main_cpp_init                           0x08000129   Thumb Code     0  entry8b.o(.ARM.Collect$$$$0000000A)
    _main_init                               0x08000129   Thumb Code     0  entry9a.o(.ARM.Collect$$$$0000000B)
    __rt_final_cpp                           0x08000131   Thumb Code     0  entry10a.o(.ARM.Collect$$$$0000000D)
    __rt_final_exit                          0x08000131   Thumb Code     0  entry11a.o(.ARM.Collect$$$$0000000F)
    Reset_Handler                            0x08000135   Thumb Code     8  startup_stm32f100xb.o(.text)
    ADC1_IRQHandler                          0x0800014f   Thumb Code     0  startup_stm32f100xb.o(.text)
    CEC_IRQHandler                           0x0800014f   Thumb Code     0  startup_stm32f100xb.o(.text)
    DMA1_Channel4_IRQHandler                 0x0800014f   Thumb Code     0  startup_stm32f100xb.o(.text)
    DMA1_Channel5_IRQHandler                 0x0800014f   Thumb Code     0  startup_stm32f100xb.o(.text)
    DMA1_Channel6_IRQHandler                 0x0800014f   Thumb Code     0  startup_stm32f100xb.o(.text)
    DMA1_Channel7_IRQHandler                 0x0800014f   Thumb Code     0  startup_stm32f100xb.o(.text)
    EXTI0_IRQHandler                         0x0800014f   Thumb Code     0  startup_stm32f100xb.o(.text)
    EXTI15_10_IRQHandler                     0x0800014f   Thumb Code     0  startup_stm32f100xb.o(.text)
    EXTI1_IRQHandler                         0x0800014f   Thumb Code     0  startup_stm32f100xb.o(.text)
    EXTI2_IRQHandler                         0x0800014f   Thumb Code     0  startup_stm32f100xb.o(.text)
    EXTI3_IRQHandler                         0x0800014f   Thumb Code     0  startup_stm32f100xb.o(.text)
    EXTI4_IRQHandler                         0x0800014f   Thumb Code     0  startup_stm32f100xb.o(.text)
    EXTI9_5_IRQHandler                       0x0800014f   Thumb Code     0  startup_stm32f100xb.o(.text)
    FLASH_IRQHandler                         0x0800014f   Thumb Code     0  startup_stm32f100xb.o(.text)
    I2C1_ER_IRQHandler                       0x0800014f   Thumb Code     0  startup_stm32f100xb.o(.text)
    I2C1_EV_IRQHandler                       0x0800014f   Thumb Code     0  startup_stm32f100xb.o(.text)
    I2C2_ER_IRQHandler                       0x0800014f   Thumb Code     0  startup_stm32f100xb.o(.text)
    I2C2_EV_IRQHandler                       0x0800014f   Thumb Code     0  startup_stm32f100xb.o(.text)
    PVD_IRQHandler                           0x0800014f   Thumb Code     0  startup_stm32f100xb.o(.text)
    RCC_IRQHandler                           0x0800014f   Thumb Code     0  startup_stm32f100xb.o(.text)
    RTC_Alarm_IRQHandler                     0x0800014f   Thumb Code     0  startup_stm32f100xb.o(.text)
    RTC_IRQHandler                           0x0800014f   Thumb Code     0  startup_stm32f100xb.o(.text)
    SPI1_IRQHandler                          0x0800014f   Thumb Code     0  startup_stm32f100xb.o(.text)
    SPI2_IRQHandler                          0x0800014f   Thumb Code     0  startup_stm32f100xb.o(.text)
    TAMPER_IRQHandler                        0x0800014f   Thumb Code     0  startup_stm32f100xb.o(.text)
    TIM1_BRK_TIM15_IRQHandler                0x0800014f   Thumb Code     0  startup_stm32f100xb.o(.text)
    TIM1_CC_IRQHandler                       0x0800014f   Thumb Code     0  startup_stm32f100xb.o(.text)
    TIM1_TRG_COM_TIM17_IRQHandler            0x0800014f   Thumb Code     0  startup_stm32f100xb.o(.text)
    TIM1_UP_TIM16_IRQHandler                 0x0800014f   Thumb Code     0  startup_stm32f100xb.o(.text)
    TIM2_IRQHandler                          0x0800014f   Thumb Code     0  startup_stm32f100xb.o(.text)
    TIM3_IRQHandler                          0x0800014f   Thumb Code     0  startup_stm32f100xb.o(.text)
    TIM4_IRQHandler                          0x0800014f   Thumb Code     0  startup_stm32f100xb.o(.text)
    USART1_IRQHandler                        0x0800014f   Thumb Code     0  startup_stm32f100xb.o(.text)
    USART2_IRQHandler                        0x0800014f   Thumb Code     0  startup_stm32f100xb.o(.text)
    WWDG_IRQHandler                          0x0800014f   Thumb Code     0  startup_stm32f100xb.o(.text)
    __aeabi_memcpy                           0x08000159   Thumb Code    36  memcpya.o(.text)
    __aeabi_memcpy4                          0x08000159   Thumb Code     0  memcpya.o(.text)
    __aeabi_memcpy8                          0x08000159   Thumb Code     0  memcpya.o(.text)
    __aeabi_fadd                             0x0800017d   Thumb Code   164  fadd.o(.text)
    __aeabi_fsub                             0x08000221   Thumb Code     6  fadd.o(.text)
    __aeabi_frsub                            0x08000227   Thumb Code     6  fadd.o(.text)
    __aeabi_fmul                             0x0800022d   Thumb Code   100  fmul.o(.text)
    __aeabi_i2f                              0x08000291   Thumb Code    18  fflti.o(.text)
    __aeabi_ui2f                             0x080002a3   Thumb Code    10  ffltui.o(.text)
    __aeabi_f2uiz                            0x080002ad   Thumb Code    40  ffixui.o(.text)
    __I$use$fp                               0x080002d5   Thumb Code     0  iusefp.o(.text)
    _float_round                             0x080002d5   Thumb Code    18  fepilogue.o(.text)
    _float_epilogue                          0x080002e7   Thumb Code    92  fepilogue.o(.text)
    __scatterload                            0x08000345   Thumb Code    28  init.o(.text)
    __scatterload_rt2                        0x08000345   Thumb Code     0  init.o(.text)
    ADC_ConversionStop_Disable               0x08000369   Thumb Code    76  stm32f1xx_hal_adc.o(i.ADC_ConversionStop_Disable)
    ADC_DMAConvCplt                          0x080003b5   Thumb Code    78  stm32f1xx_hal_adc.o(i.ADC_DMAConvCplt)
    ADC_DMAError                             0x08000403   Thumb Code    26  stm32f1xx_hal_adc.o(i.ADC_DMAError)
    ADC_DMAHalfConvCplt                      0x0800041d   Thumb Code    10  stm32f1xx_hal_adc.o(i.ADC_DMAHalfConvCplt)
    ADC_Enable                               0x08000429   Thumb Code   104  stm32f1xx_hal_adc.o(i.ADC_Enable)
    BusFault_Handler                         0x08000499   Thumb Code     2  stm32f1xx_it.o(i.BusFault_Handler)
    Channel_ManualPulseTrigger               0x0800049d   Thumb Code     8  channel_function.o(i.Channel_ManualPulseTrigger)
    Channel_SetAmplitude                     0x080004a9   Thumb Code    52  channel_function.o(i.Channel_SetAmplitude)
    Channel_SetDeadTimeWidth                 0x080004e9   Thumb Code    28  channel_function.o(i.Channel_SetDeadTimeWidth)
    Channel_SetInterFrameTimeWidth           0x08000509   Thumb Code    94  channel_function.o(i.Channel_SetInterFrameTimeWidth)
    Channel_SetInterPulseTimeWidth           0x08000571   Thumb Code    26  channel_function.o(i.Channel_SetInterPulseTimeWidth)
    Channel_SetMode                          0x08000591   Thumb Code    22  channel_function.o(i.Channel_SetMode)
    Channel_SetPulseRepetitionCnt            0x080005ad   Thumb Code    18  channel_function.o(i.Channel_SetPulseRepetitionCnt)
    Channel_SetPulseWidth                    0x080005c5   Thumb Code    26  channel_function.o(i.Channel_SetPulseWidth)
    Channel_UpdateOutput                     0x080005e5   Thumb Code   562  channel_function.o(i.Channel_UpdateOutput)
    CyclicSupervisionTask                    0x0800082d   Thumb Code   146  main.o(i.CyclicSupervisionTask)
    DMA1_Channel1_IRQHandler                 0x080008d9   Thumb Code     6  stm32f1xx_it.o(i.DMA1_Channel1_IRQHandler)
    DMA1_Channel2_IRQHandler                 0x080008e5   Thumb Code     6  stm32f1xx_it.o(i.DMA1_Channel2_IRQHandler)
    DMA1_Channel3_IRQHandler                 0x080008f1   Thumb Code     6  stm32f1xx_it.o(i.DMA1_Channel3_IRQHandler)
    DebugMon_Handler                         0x0800091b   Thumb Code     2  stm32f1xx_it.o(i.DebugMon_Handler)
    Delay_ms_dummy                           0x0800091d   Thumb Code    32  misc_function.o(i.Delay_ms_dummy)
    Error_Handler                            0x08000941   Thumb Code     2  main.o(i.Error_Handler)
    HAL_ADCEx_Calibration_Start              0x08000945   Thumb Code   194  stm32f1xx_hal_adc_ex.o(i.HAL_ADCEx_Calibration_Start)
    HAL_ADC_ConfigChannel                    0x08000a0d   Thumb Code   346  stm32f1xx_hal_adc.o(i.HAL_ADC_ConfigChannel)
    HAL_ADC_ConvCpltCallback                 0x08000b75   Thumb Code     2  stm32f1xx_hal_adc.o(i.HAL_ADC_ConvCpltCallback)
    HAL_ADC_ConvHalfCpltCallback             0x08000b77   Thumb Code     2  stm32f1xx_hal_adc.o(i.HAL_ADC_ConvHalfCpltCallback)
    HAL_ADC_ErrorCallback                    0x08000b79   Thumb Code     2  stm32f1xx_hal_adc.o(i.HAL_ADC_ErrorCallback)
    HAL_ADC_Init                             0x08000b7d   Thumb Code   300  stm32f1xx_hal_adc.o(i.HAL_ADC_Init)
    HAL_ADC_MspInit                          0x08000cb1   Thumb Code    98  stm32f1xx_hal_msp.o(i.HAL_ADC_MspInit)
    HAL_ADC_Start_DMA                        0x08000d29   Thumb Code   194  stm32f1xx_hal_adc.o(i.HAL_ADC_Start_DMA)
    HAL_DACEx_DMAUnderrunCallbackCh2         0x08000df9   Thumb Code     2  stm32f1xx_hal_dac_ex.o(i.HAL_DACEx_DMAUnderrunCallbackCh2)
    HAL_DAC_ConfigChannel                    0x08000dfb   Thumb Code    66  stm32f1xx_hal_dac.o(i.HAL_DAC_ConfigChannel)
    HAL_DAC_DMAUnderrunCallbackCh1           0x08000e3d   Thumb Code     2  stm32f1xx_hal_dac_ex.o(i.HAL_DAC_DMAUnderrunCallbackCh1)
    HAL_DAC_IRQHandler                       0x08000e3f   Thumb Code   100  stm32f1xx_hal_dac_ex.o(i.HAL_DAC_IRQHandler)
    HAL_DAC_Init                             0x08000ea3   Thumb Code    40  stm32f1xx_hal_dac.o(i.HAL_DAC_Init)
    HAL_DAC_MspInit                          0x08000ecd   Thumb Code    66  stm32f1xx_hal_msp.o(i.HAL_DAC_MspInit)
    HAL_DAC_SetValue                         0x08000f1d   Thumb Code    26  stm32f1xx_hal_dac.o(i.HAL_DAC_SetValue)
    HAL_DAC_Start                            0x08000f37   Thumb Code    84  stm32f1xx_hal_dac.o(i.HAL_DAC_Start)
    HAL_DMA_IRQHandler                       0x08000f8d   Thumb Code   616  stm32f1xx_hal_dma.o(i.HAL_DMA_IRQHandler)
    HAL_DMA_Init                             0x080011f9   Thumb Code    80  stm32f1xx_hal_dma.o(i.HAL_DMA_Init)
    HAL_DMA_Start_IT                         0x08001249   Thumb Code    88  stm32f1xx_hal_dma.o(i.HAL_DMA_Start_IT)
    HAL_Delay                                0x080012a1   Thumb Code    22  stm32f1xx_hal.o(i.HAL_Delay)
    HAL_GPIO_Init                            0x080012b9   Thumb Code   408  stm32f1xx_hal_gpio.o(i.HAL_GPIO_Init)
    HAL_GetTick                              0x08001475   Thumb Code     6  stm32f1xx_hal.o(i.HAL_GetTick)
    HAL_IncTick                              0x08001481   Thumb Code    10  stm32f1xx_hal.o(i.HAL_IncTick)
    HAL_Init                                 0x08001491   Thumb Code    22  stm32f1xx_hal.o(i.HAL_Init)
    HAL_InitTick                             0x080014a7   Thumb Code    34  stm32f1xx_hal.o(i.HAL_InitTick)
    HAL_MspInit                              0x080014c9   Thumb Code   118  stm32f1xx_hal_msp.o(i.HAL_MspInit)
    HAL_NVIC_EnableIRQ                       0x08001549   Thumb Code    22  stm32f1xx_hal_cortex.o(i.HAL_NVIC_EnableIRQ)
    HAL_NVIC_SetPriority                     0x08001561   Thumb Code    60  stm32f1xx_hal_cortex.o(i.HAL_NVIC_SetPriority)
    HAL_NVIC_SetPriorityGrouping             0x080015a1   Thumb Code    26  stm32f1xx_hal_cortex.o(i.HAL_NVIC_SetPriorityGrouping)
    HAL_RCCEx_GetPeriphCLKFreq               0x080015c5   Thumb Code   100  stm32f1xx_hal_rcc_ex.o(i.HAL_RCCEx_GetPeriphCLKFreq)
    HAL_RCCEx_PeriphCLKConfig                0x0800162d   Thumb Code   270  stm32f1xx_hal_rcc_ex.o(i.HAL_RCCEx_PeriphCLKConfig)
    HAL_RCC_ClockConfig                      0x08001749   Thumb Code   290  stm32f1xx_hal_rcc.o(i.HAL_RCC_ClockConfig)
    HAL_RCC_GetHCLKFreq                      0x08001879   Thumb Code     6  stm32f1xx_hal_rcc.o(i.HAL_RCC_GetHCLKFreq)
    HAL_RCC_GetPCLK1Freq                     0x08001885   Thumb Code    34  stm32f1xx_hal_rcc.o(i.HAL_RCC_GetPCLK1Freq)
    HAL_RCC_GetPCLK2Freq                     0x080018b5   Thumb Code    34  stm32f1xx_hal_rcc.o(i.HAL_RCC_GetPCLK2Freq)
    HAL_RCC_GetSysClockFreq                  0x080018e5   Thumb Code   104  stm32f1xx_hal_rcc.o(i.HAL_RCC_GetSysClockFreq)
    HAL_RCC_OscConfig                        0x08001979   Thumb Code  1406  stm32f1xx_hal_rcc.o(i.HAL_RCC_OscConfig)
    HAL_SYSTICK_CLKSourceConfig              0x08001ef7   Thumb Code    24  stm32f1xx_hal_cortex.o(i.HAL_SYSTICK_CLKSourceConfig)
    HAL_SYSTICK_Callback                     0x08001f0f   Thumb Code     2  stm32f1xx_hal_cortex.o(i.HAL_SYSTICK_Callback)
    HAL_SYSTICK_Config                       0x08001f11   Thumb Code    40  stm32f1xx_hal_cortex.o(i.HAL_SYSTICK_Config)
    HAL_SYSTICK_IRQHandler                   0x08001f39   Thumb Code     8  stm32f1xx_hal_cortex.o(i.HAL_SYSTICK_IRQHandler)
    HAL_TIMEx_BreakCallback                  0x08001f41   Thumb Code     2  stm32f1xx_hal_tim_ex.o(i.HAL_TIMEx_BreakCallback)
    HAL_TIMEx_CommutationCallback            0x08001f43   Thumb Code     2  stm32f1xx_hal_tim_ex.o(i.HAL_TIMEx_CommutationCallback)
    HAL_TIMEx_MasterConfigSynchronization    0x08001f45   Thumb Code    80  stm32f1xx_hal_tim_ex.o(i.HAL_TIMEx_MasterConfigSynchronization)
    HAL_TIM_Base_Init                        0x08001f95   Thumb Code    54  stm32f1xx_hal_tim.o(i.HAL_TIM_Base_Init)
    HAL_TIM_Base_MspInit                     0x08001fcd   Thumb Code    86  stm32f1xx_hal_msp.o(i.HAL_TIM_Base_MspInit)
    HAL_TIM_Base_Start_IT                    0x08002031   Thumb Code    24  stm32f1xx_hal_tim.o(i.HAL_TIM_Base_Start_IT)
    HAL_TIM_IC_CaptureCallback               0x08002049   Thumb Code     2  stm32f1xx_hal_tim.o(i.HAL_TIM_IC_CaptureCallback)
    HAL_TIM_IRQHandler                       0x0800204b   Thumb Code   358  stm32f1xx_hal_tim.o(i.HAL_TIM_IRQHandler)
    HAL_TIM_MspPostInit                      0x080021b1   Thumb Code    76  stm32f1xx_hal_msp.o(i.HAL_TIM_MspPostInit)
    HAL_TIM_OC_DelayElapsedCallback          0x08002209   Thumb Code     2  stm32f1xx_hal_tim.o(i.HAL_TIM_OC_DelayElapsedCallback)
    HAL_TIM_PWM_ConfigChannel                0x0800220b   Thumb Code   208  stm32f1xx_hal_tim.o(i.HAL_TIM_PWM_ConfigChannel)
    HAL_TIM_PWM_Init                         0x080022db   Thumb Code    54  stm32f1xx_hal_tim.o(i.HAL_TIM_PWM_Init)
    HAL_TIM_PWM_MspInit                      0x08002311   Thumb Code    52  stm32f1xx_hal_msp.o(i.HAL_TIM_PWM_MspInit)
    HAL_TIM_PWM_PulseFinishedCallback        0x0800234d   Thumb Code     2  stm32f1xx_hal_tim.o(i.HAL_TIM_PWM_PulseFinishedCallback)
    HAL_TIM_PWM_Start                        0x08002351   Thumb Code    60  stm32f1xx_hal_tim.o(i.HAL_TIM_PWM_Start)
    HAL_TIM_PeriodElapsedCallback            0x0800239d   Thumb Code    32  main.o(i.HAL_TIM_PeriodElapsedCallback)
    HAL_TIM_TriggerCallback                  0x080023bd   Thumb Code     2  stm32f1xx_hal_tim.o(i.HAL_TIM_TriggerCallback)
    HAL_UART_ErrorCallback                   0x080023bf   Thumb Code     2  stm32f1xx_hal_uart.o(i.HAL_UART_ErrorCallback)
    HAL_UART_IRQHandler                      0x080023c1   Thumb Code   218  stm32f1xx_hal_uart.o(i.HAL_UART_IRQHandler)
    HAL_UART_Init                            0x0800249b   Thumb Code    94  stm32f1xx_hal_uart.o(i.HAL_UART_Init)
    HAL_UART_MspInit                         0x080024f9   Thumb Code   172  stm32f1xx_hal_msp.o(i.HAL_UART_MspInit)
    HAL_UART_Receive_DMA                     0x080025bd   Thumb Code   122  stm32f1xx_hal_uart.o(i.HAL_UART_Receive_DMA)
    HAL_UART_RxCpltCallback                  0x08002645   Thumb Code     2  stm32f1xx_hal_uart.o(i.HAL_UART_RxCpltCallback)
    HAL_UART_RxHalfCpltCallback              0x08002647   Thumb Code     2  stm32f1xx_hal_uart.o(i.HAL_UART_RxHalfCpltCallback)
    HAL_UART_Transmit_DMA                    0x08002649   Thumb Code   130  stm32f1xx_hal_uart.o(i.HAL_UART_Transmit_DMA)
    HAL_UART_TxCpltCallback                  0x080026d9   Thumb Code     2  stm32f1xx_hal_uart.o(i.HAL_UART_TxCpltCallback)
    HAL_UART_TxHalfCpltCallback              0x080026db   Thumb Code     2  stm32f1xx_hal_uart.o(i.HAL_UART_TxHalfCpltCallback)
    HardFault_Handler                        0x080026dd   Thumb Code     2  stm32f1xx_it.o(i.HardFault_Handler)
    LedConfig                                0x080026e1   Thumb Code    50  main.o(i.LedConfig)
    MemManage_Handler                        0x08002869   Thumb Code     2  stm32f1xx_it.o(i.MemManage_Handler)
    MiscInit                                 0x0800286d   Thumb Code   134  main.o(i.MiscInit)
    NMI_Handler                              0x080028fd   Thumb Code     2  stm32f1xx_it.o(i.NMI_Handler)
    PendSV_Handler                           0x0800291f   Thumb Code     2  stm32f1xx_it.o(i.PendSV_Handler)
    SVC_Handler                              0x08002921   Thumb Code     2  stm32f1xx_it.o(i.SVC_Handler)
    SysTick_Handler                          0x08002923   Thumb Code    14  stm32f1xx_it.o(i.SysTick_Handler)
    SystemClock_Config                       0x08002931   Thumb Code   110  main.o(i.SystemClock_Config)
    SystemInit                               0x080029a1   Thumb Code    60  system_stm32f1xx.o(i.SystemInit)
    TIM6_DAC_IRQHandler                      0x080029ed   Thumb Code    18  stm32f1xx_it.o(i.TIM6_DAC_IRQHandler)
    TIM7_IRQHandler                          0x08002a09   Thumb Code     6  stm32f1xx_it.o(i.TIM7_IRQHandler)
    TIM_Base_SetConfig                       0x08002a15   Thumb Code   118  stm32f1xx_hal_tim.o(i.TIM_Base_SetConfig)
    TIM_CCxChannelCmd                        0x08002aa5   Thumb Code    22  stm32f1xx_hal_tim.o(i.TIM_CCxChannelCmd)
    TIM_OC2_SetConfig                        0x08002b3d   Thumb Code   104  stm32f1xx_hal_tim.o(i.TIM_OC2_SetConfig)
    USART3_IRQHandler                        0x08002fa9   Thumb Code     6  stm32f1xx_it.o(i.USART3_IRQHandler)
    USART_add_7BitChar_To_TxBuffer           0x08002fb5   Thumb Code    56  usart_function.o(i.USART_add_7BitChar_To_TxBuffer)
    USART_add_float_To_TxBuffer              0x08002ff5   Thumb Code    98  usart_function.o(i.USART_add_float_To_TxBuffer)
    USART_add_uint32_To_TxBuffer             0x08003061   Thumb Code    98  usart_function.o(i.USART_add_uint32_To_TxBuffer)
    USART_rx_handler                         0x080030cd   Thumb Code   160  usart_function.o(i.USART_rx_handler)
    USART_rx_init                            0x08003179   Thumb Code    10  usart_function.o(i.USART_rx_init)
    USART_send_buffer                        0x08003189   Thumb Code    56  usart_function.o(i.USART_send_buffer)
    UsageFault_Handler                       0x080031d1   Thumb Code     2  stm32f1xx_it.o(i.UsageFault_Handler)
    __scatterload_copy                       0x080031d3   Thumb Code    14  handlers.o(i.__scatterload_copy)
    __scatterload_null                       0x080031e1   Thumb Code     2  handlers.o(i.__scatterload_null)
    __scatterload_zeroinit                   0x080031e3   Thumb Code    14  handlers.o(i.__scatterload_zeroinit)
    main                                     0x080031f1   Thumb Code   330  main.o(i.main)
    privat_ConvBits2float                    0x08003361   Thumb Code    48  usart_function.o(i.privat_ConvBits2float)
    privat_ConvBits2uint32                   0x08003395   Thumb Code    48  usart_function.o(i.privat_ConvBits2uint32)
    privat_Debug_packet_handler              0x080033c9   Thumb Code    56  usart_function.o(i.privat_Debug_packet_handler)
    privat_Set_All_Channel_Param_packet_handler 0x08003409   Thumb Code   300  usart_function.o(i.privat_Set_All_Channel_Param_packet_handler)
    privat_Set_Single_Channel_Param_packet_handler 0x0800353d   Thumb Code   202  usart_function.o(i.privat_Set_Single_Channel_Param_packet_handler)
    privat_Status_packet_handler             0x08003611   Thumb Code   160  usart_function.o(i.privat_Status_packet_handler)
    AHBPrescTable                            0x080036c8   Data          16  system_stm32f1xx.o(.constdata)
    APBPrescTable                            0x080036d8   Data           8  system_stm32f1xx.o(.constdata)
    Region$$Table$$Base                      0x080036e0   Number         0  anon$$obj.o(Region$$Table)
    Region$$Table$$Limit                     0x08003700   Number         0  anon$$obj.o(Region$$Table)
    MainStatus                               0x20000004   Data           4  main.o(.data)
    HV_PosRailVoltage                        0x20000008   Data           4  main.o(.data)
    HV_NegRailVoltage                        0x2000000c   Data           4  main.o(.data)
    newPulseTrigger                          0x20000010   Data           1  channel_function.o(.data)
    ChannelParam                             0x2000001c   Data          32  channel_function.o(.data)
    ChannelParamNew                          0x2000003c   Data          32  channel_function.o(.data)
    SystemCoreClock                          0x20000064   Data           4  system_stm32f1xx.o(.data)
    ADC_Values                               0x20000068   Data          10  main.o(.bss)
    hadc1                                    0x20000074   Data          48  main.o(.bss)
    hdac                                     0x200000a4   Data          20  main.o(.bss)
    htim2                                    0x200000b8   Data          60  main.o(.bss)
    htim3                                    0x200000f4   Data          60  main.o(.bss)
    htim6                                    0x20000130   Data          60  main.o(.bss)
    htim7                                    0x2000016c   Data          60  main.o(.bss)
    huart3                                   0x200001a8   Data          64  main.o(.bss)
    hdma_adc1                                0x200001e8   Data          56  main.o(.bss)
    hdma_usart3_tx                           0x20000220   Data          56  main.o(.bss)
    hdma_usart3_rx                           0x20000258   Data          56  main.o(.bss)
    __initial_sp                             0x20000990   Data           0  startup_stm32f100xb.o(STACK)



==============================================================================

Memory Map of the image

  Image Entry point : 0x08000121

  Load Region LR_IROM1 (Base: 0x08000000, Size: 0x00003768, Max: 0x00020000, ABSOLUTE)

    Execution Region ER_IROM1 (Exec base: 0x08000000, Load base: 0x08000000, Size: 0x00003700, Max: 0x00020000, ABSOLUTE)

    Exec Addr    Load Addr    Size         Type   Attr      Idx    E Section Name        Object

    0x08000000   0x08000000   0x00000120   Data   RO         2576    RESET               startup_stm32f100xb.o
    0x08000120   0x08000120   0x00000000   Code   RO         3143  * .ARM.Collect$$$$00000000  mc_w.l(entry.o)
    0x08000120   0x08000120   0x00000004   Code   RO         3162    .ARM.Collect$$$$00000001  mc_w.l(entry2.o)
    0x08000124   0x08000124   0x00000004   Code   RO         3165    .ARM.Collect$$$$00000004  mc_w.l(entry5.o)
    0x08000128   0x08000128   0x00000000   Code   RO         3167    .ARM.Collect$$$$00000008  mc_w.l(entry7b.o)
    0x08000128   0x08000128   0x00000000   Code   RO         3169    .ARM.Collect$$$$0000000A  mc_w.l(entry8b.o)
    0x08000128   0x08000128   0x00000008   Code   RO         3170    .ARM.Collect$$$$0000000B  mc_w.l(entry9a.o)
    0x08000130   0x08000130   0x00000000   Code   RO         3172    .ARM.Collect$$$$0000000D  mc_w.l(entry10a.o)
    0x08000130   0x08000130   0x00000000   Code   RO         3174    .ARM.Collect$$$$0000000F  mc_w.l(entry11a.o)
    0x08000130   0x08000130   0x00000004   Code   RO         3163    .ARM.Collect$$$$00002712  mc_w.l(entry2.o)
    0x08000134   0x08000134   0x00000024   Code   RO         2577    .text               startup_stm32f100xb.o
    0x08000158   0x08000158   0x00000024   Code   RO         3148    .text               mc_w.l(memcpya.o)
    0x0800017c   0x0800017c   0x000000b0   Code   RO         3152    .text               mf_w.l(fadd.o)
    0x0800022c   0x0800022c   0x00000064   Code   RO         3154    .text               mf_w.l(fmul.o)
    0x08000290   0x08000290   0x00000012   Code   RO         3156    .text               mf_w.l(fflti.o)
    0x080002a2   0x080002a2   0x0000000a   Code   RO         3158    .text               mf_w.l(ffltui.o)
    0x080002ac   0x080002ac   0x00000028   Code   RO         3160    .text               mf_w.l(ffixui.o)
    0x080002d4   0x080002d4   0x00000000   Code   RO         3176    .text               mc_w.l(iusefp.o)
    0x080002d4   0x080002d4   0x0000006e   Code   RO         3177    .text               mf_w.l(fepilogue.o)
    0x08000342   0x08000342   0x00000002   PAD
    0x08000344   0x08000344   0x00000024   Code   RO         3179    .text               mc_w.l(init.o)
    0x08000368   0x08000368   0x0000004c   Code   RO          991    i.ADC_ConversionStop_Disable  stm32f1xx_hal_adc.o
    0x080003b4   0x080003b4   0x0000004e   Code   RO          992    i.ADC_DMAConvCplt   stm32f1xx_hal_adc.o
    0x08000402   0x08000402   0x0000001a   Code   RO          993    i.ADC_DMAError      stm32f1xx_hal_adc.o
    0x0800041c   0x0800041c   0x0000000a   Code   RO          994    i.ADC_DMAHalfConvCplt  stm32f1xx_hal_adc.o
    0x08000426   0x08000426   0x00000002   PAD
    0x08000428   0x08000428   0x00000070   Code   RO          995    i.ADC_Enable        stm32f1xx_hal_adc.o
    0x08000498   0x08000498   0x00000002   Code   RO         2680    i.BusFault_Handler  stm32f1xx_it.o
    0x0800049a   0x0800049a   0x00000002   PAD
    0x0800049c   0x0800049c   0x0000000c   Code   RO         2919    i.Channel_ManualPulseTrigger  channel_function.o
    0x080004a8   0x080004a8   0x00000040   Code   RO         2920    i.Channel_SetAmplitude  channel_function.o
    0x080004e8   0x080004e8   0x00000020   Code   RO         2921    i.Channel_SetDeadTimeWidth  channel_function.o
    0x08000508   0x08000508   0x00000068   Code   RO         2922    i.Channel_SetInterFrameTimeWidth  channel_function.o
    0x08000570   0x08000570   0x00000020   Code   RO         2923    i.Channel_SetInterPulseTimeWidth  channel_function.o
    0x08000590   0x08000590   0x0000001c   Code   RO         2924    i.Channel_SetMode   channel_function.o
    0x080005ac   0x080005ac   0x00000018   Code   RO         2925    i.Channel_SetPulseRepetitionCnt  channel_function.o
    0x080005c4   0x080005c4   0x00000020   Code   RO         2926    i.Channel_SetPulseWidth  channel_function.o
    0x080005e4   0x080005e4   0x00000248   Code   RO         2927    i.Channel_UpdateOutput  channel_function.o
    0x0800082c   0x0800082c   0x000000ac   Code   RO         2584    i.CyclicSupervisionTask  main.o
    0x080008d8   0x080008d8   0x0000000c   Code   RO         2681    i.DMA1_Channel1_IRQHandler  stm32f1xx_it.o
    0x080008e4   0x080008e4   0x0000000c   Code   RO         2682    i.DMA1_Channel2_IRQHandler  stm32f1xx_it.o
    0x080008f0   0x080008f0   0x0000000c   Code   RO         2683    i.DMA1_Channel3_IRQHandler  stm32f1xx_it.o
    0x080008fc   0x080008fc   0x0000001e   Code   RO          661    i.DMA_SetConfig     stm32f1xx_hal_dma.o
    0x0800091a   0x0800091a   0x00000002   Code   RO         2684    i.DebugMon_Handler  stm32f1xx_it.o
    0x0800091c   0x0800091c   0x00000024   Code   RO         2883    i.Delay_ms_dummy    misc_function.o
    0x08000940   0x08000940   0x00000002   Code   RO         2585    i.Error_Handler     main.o
    0x08000942   0x08000942   0x00000002   PAD
    0x08000944   0x08000944   0x000000c8   Code   RO         1171    i.HAL_ADCEx_Calibration_Start  stm32f1xx_hal_adc_ex.o
    0x08000a0c   0x08000a0c   0x00000168   Code   RO          997    i.HAL_ADC_ConfigChannel  stm32f1xx_hal_adc.o
    0x08000b74   0x08000b74   0x00000002   Code   RO          998    i.HAL_ADC_ConvCpltCallback  stm32f1xx_hal_adc.o
    0x08000b76   0x08000b76   0x00000002   Code   RO          999    i.HAL_ADC_ConvHalfCpltCallback  stm32f1xx_hal_adc.o
    0x08000b78   0x08000b78   0x00000002   Code   RO         1001    i.HAL_ADC_ErrorCallback  stm32f1xx_hal_adc.o
    0x08000b7a   0x08000b7a   0x00000002   PAD
    0x08000b7c   0x08000b7c   0x00000134   Code   RO         1006    i.HAL_ADC_Init      stm32f1xx_hal_adc.o
    0x08000cb0   0x08000cb0   0x00000078   Code   RO         2793    i.HAL_ADC_MspInit   stm32f1xx_hal_msp.o
    0x08000d28   0x08000d28   0x000000d0   Code   RO         1013    i.HAL_ADC_Start_DMA  stm32f1xx_hal_adc.o
    0x08000df8   0x08000df8   0x00000002   Code   RO         1982    i.HAL_DACEx_DMAUnderrunCallbackCh2  stm32f1xx_hal_dac_ex.o
    0x08000dfa   0x08000dfa   0x00000042   Code   RO          219    i.HAL_DAC_ConfigChannel  stm32f1xx_hal_dac.o
    0x08000e3c   0x08000e3c   0x00000002   Code   RO         1988    i.HAL_DAC_DMAUnderrunCallbackCh1  stm32f1xx_hal_dac_ex.o
    0x08000e3e   0x08000e3e   0x00000064   Code   RO         1989    i.HAL_DAC_IRQHandler  stm32f1xx_hal_dac_ex.o
    0x08000ea2   0x08000ea2   0x00000028   Code   RO          227    i.HAL_DAC_Init      stm32f1xx_hal_dac.o
    0x08000eca   0x08000eca   0x00000002   PAD
    0x08000ecc   0x08000ecc   0x00000050   Code   RO         2795    i.HAL_DAC_MspInit   stm32f1xx_hal_msp.o
    0x08000f1c   0x08000f1c   0x0000001a   Code   RO          230    i.HAL_DAC_SetValue  stm32f1xx_hal_dac.o
    0x08000f36   0x08000f36   0x00000054   Code   RO          231    i.HAL_DAC_Start     stm32f1xx_hal_dac.o
    0x08000f8a   0x08000f8a   0x00000002   PAD
    0x08000f8c   0x08000f8c   0x0000026c   Code   RO          666    i.HAL_DMA_IRQHandler  stm32f1xx_hal_dma.o
    0x080011f8   0x080011f8   0x00000050   Code   RO          667    i.HAL_DMA_Init      stm32f1xx_hal_dma.o
    0x08001248   0x08001248   0x00000058   Code   RO          670    i.HAL_DMA_Start_IT  stm32f1xx_hal_dma.o
    0x080012a0   0x080012a0   0x00000016   Code   RO         2092    i.HAL_Delay         stm32f1xx_hal.o
    0x080012b6   0x080012b6   0x00000002   PAD
    0x080012b8   0x080012b8   0x000001bc   Code   RO          928    i.HAL_GPIO_Init     stm32f1xx_hal_gpio.o
    0x08001474   0x08001474   0x0000000c   Code   RO         2096    i.HAL_GetTick       stm32f1xx_hal.o
    0x08001480   0x08001480   0x00000010   Code   RO         2097    i.HAL_IncTick       stm32f1xx_hal.o
    0x08001490   0x08001490   0x00000016   Code   RO         2098    i.HAL_Init          stm32f1xx_hal.o
    0x080014a6   0x080014a6   0x00000022   Code   RO         2099    i.HAL_InitTick      stm32f1xx_hal.o
    0x080014c8   0x080014c8   0x00000080   Code   RO         2796    i.HAL_MspInit       stm32f1xx_hal_msp.o
    0x08001548   0x08001548   0x00000016   Code   RO            6    i.HAL_NVIC_EnableIRQ  stm32f1xx_hal_cortex.o
    0x0800155e   0x0800155e   0x00000002   PAD
    0x08001560   0x08001560   0x00000040   Code   RO           12    i.HAL_NVIC_SetPriority  stm32f1xx_hal_cortex.o
    0x080015a0   0x080015a0   0x00000024   Code   RO           13    i.HAL_NVIC_SetPriorityGrouping  stm32f1xx_hal_cortex.o
    0x080015c4   0x080015c4   0x00000068   Code   RO          389    i.HAL_RCCEx_GetPeriphCLKFreq  stm32f1xx_hal_rcc_ex.o
    0x0800162c   0x0800162c   0x0000011c   Code   RO          390    i.HAL_RCCEx_PeriphCLKConfig  stm32f1xx_hal_rcc_ex.o
    0x08001748   0x08001748   0x00000130   Code   RO          824    i.HAL_RCC_ClockConfig  stm32f1xx_hal_rcc.o
    0x08001878   0x08001878   0x0000000c   Code   RO          829    i.HAL_RCC_GetHCLKFreq  stm32f1xx_hal_rcc.o
    0x08001884   0x08001884   0x00000030   Code   RO          831    i.HAL_RCC_GetPCLK1Freq  stm32f1xx_hal_rcc.o
    0x080018b4   0x080018b4   0x00000030   Code   RO          832    i.HAL_RCC_GetPCLK2Freq  stm32f1xx_hal_rcc.o
    0x080018e4   0x080018e4   0x00000094   Code   RO          833    i.HAL_RCC_GetSysClockFreq  stm32f1xx_hal_rcc.o
    0x08001978   0x08001978   0x0000057e   Code   RO          836    i.HAL_RCC_OscConfig  stm32f1xx_hal_rcc.o
    0x08001ef6   0x08001ef6   0x00000018   Code   RO           15    i.HAL_SYSTICK_CLKSourceConfig  stm32f1xx_hal_cortex.o
    0x08001f0e   0x08001f0e   0x00000002   Code   RO           16    i.HAL_SYSTICK_Callback  stm32f1xx_hal_cortex.o
    0x08001f10   0x08001f10   0x00000028   Code   RO           17    i.HAL_SYSTICK_Config  stm32f1xx_hal_cortex.o
    0x08001f38   0x08001f38   0x00000008   Code   RO           18    i.HAL_SYSTICK_IRQHandler  stm32f1xx_hal_cortex.o
    0x08001f40   0x08001f40   0x00000002   Code   RO         2219    i.HAL_TIMEx_BreakCallback  stm32f1xx_hal_tim_ex.o
    0x08001f42   0x08001f42   0x00000002   Code   RO         2220    i.HAL_TIMEx_CommutationCallback  stm32f1xx_hal_tim_ex.o
    0x08001f44   0x08001f44   0x00000050   Code   RO         2236    i.HAL_TIMEx_MasterConfigSynchronization  stm32f1xx_hal_tim_ex.o
    0x08001f94   0x08001f94   0x00000036   Code   RO         1348    i.HAL_TIM_Base_Init  stm32f1xx_hal_tim.o
    0x08001fca   0x08001fca   0x00000002   PAD
    0x08001fcc   0x08001fcc   0x00000064   Code   RO         2798    i.HAL_TIM_Base_MspInit  stm32f1xx_hal_msp.o
    0x08002030   0x08002030   0x00000018   Code   RO         1353    i.HAL_TIM_Base_Start_IT  stm32f1xx_hal_tim.o
    0x08002048   0x08002048   0x00000002   Code   RO         1377    i.HAL_TIM_IC_CaptureCallback  stm32f1xx_hal_tim.o
    0x0800204a   0x0800204a   0x00000166   Code   RO         1390    i.HAL_TIM_IRQHandler  stm32f1xx_hal_tim.o
    0x080021b0   0x080021b0   0x00000058   Code   RO         2799    i.HAL_TIM_MspPostInit  stm32f1xx_hal_msp.o
    0x08002208   0x08002208   0x00000002   Code   RO         1393    i.HAL_TIM_OC_DelayElapsedCallback  stm32f1xx_hal_tim.o
    0x0800220a   0x0800220a   0x000000d0   Code   RO         1414    i.HAL_TIM_PWM_ConfigChannel  stm32f1xx_hal_tim.o
    0x080022da   0x080022da   0x00000036   Code   RO         1417    i.HAL_TIM_PWM_Init  stm32f1xx_hal_tim.o
    0x08002310   0x08002310   0x0000003c   Code   RO         2801    i.HAL_TIM_PWM_MspInit  stm32f1xx_hal_msp.o
    0x0800234c   0x0800234c   0x00000002   Code   RO         1420    i.HAL_TIM_PWM_PulseFinishedCallback  stm32f1xx_hal_tim.o
    0x0800234e   0x0800234e   0x00000002   PAD
    0x08002350   0x08002350   0x0000004c   Code   RO         1421    i.HAL_TIM_PWM_Start  stm32f1xx_hal_tim.o
    0x0800239c   0x0800239c   0x00000020   Code   RO         2586    i.HAL_TIM_PeriodElapsedCallback  main.o
    0x080023bc   0x080023bc   0x00000002   Code   RO         1431    i.HAL_TIM_TriggerCallback  stm32f1xx_hal_tim.o
    0x080023be   0x080023be   0x00000002   Code   RO          436    i.HAL_UART_ErrorCallback  stm32f1xx_hal_uart.o
    0x080023c0   0x080023c0   0x000000da   Code   RO          439    i.HAL_UART_IRQHandler  stm32f1xx_hal_uart.o
    0x0800249a   0x0800249a   0x0000005e   Code   RO          440    i.HAL_UART_Init     stm32f1xx_hal_uart.o
    0x080024f8   0x080024f8   0x000000c4   Code   RO         2803    i.HAL_UART_MspInit  stm32f1xx_hal_msp.o
    0x080025bc   0x080025bc   0x00000088   Code   RO          444    i.HAL_UART_Receive_DMA  stm32f1xx_hal_uart.o
    0x08002644   0x08002644   0x00000002   Code   RO          446    i.HAL_UART_RxCpltCallback  stm32f1xx_hal_uart.o
    0x08002646   0x08002646   0x00000002   Code   RO          447    i.HAL_UART_RxHalfCpltCallback  stm32f1xx_hal_uart.o
    0x08002648   0x08002648   0x00000090   Code   RO          449    i.HAL_UART_Transmit_DMA  stm32f1xx_hal_uart.o
    0x080026d8   0x080026d8   0x00000002   Code   RO          451    i.HAL_UART_TxCpltCallback  stm32f1xx_hal_uart.o
    0x080026da   0x080026da   0x00000002   Code   RO          452    i.HAL_UART_TxHalfCpltCallback  stm32f1xx_hal_uart.o
    0x080026dc   0x080026dc   0x00000002   Code   RO         2685    i.HardFault_Handler  stm32f1xx_it.o
    0x080026de   0x080026de   0x00000002   PAD
    0x080026e0   0x080026e0   0x00000038   Code   RO         2587    i.LedConfig         main.o
    0x08002718   0x08002718   0x0000008c   Code   RO         2588    i.MX_ADC1_Init      main.o
    0x080027a4   0x080027a4   0x00000060   Code   RO         2589    i.MX_TIM2_Init      main.o
    0x08002804   0x08002804   0x00000064   Code   RO         2590    i.MX_TIM3_Init      main.o
    0x08002868   0x08002868   0x00000002   Code   RO         2686    i.MemManage_Handler  stm32f1xx_it.o
    0x0800286a   0x0800286a   0x00000002   PAD
    0x0800286c   0x0800286c   0x00000090   Code   RO         2591    i.MiscInit          main.o
    0x080028fc   0x080028fc   0x00000002   Code   RO         2687    i.NMI_Handler       stm32f1xx_it.o
    0x080028fe   0x080028fe   0x00000020   Code   RO           19    i.NVIC_SetPriority  stm32f1xx_hal_cortex.o
    0x0800291e   0x0800291e   0x00000002   Code   RO         2688    i.PendSV_Handler    stm32f1xx_it.o
    0x08002920   0x08002920   0x00000002   Code   RO         2689    i.SVC_Handler       stm32f1xx_it.o
    0x08002922   0x08002922   0x0000000e   Code   RO         2690    i.SysTick_Handler   stm32f1xx_it.o
    0x08002930   0x08002930   0x0000006e   Code   RO         2592    i.SystemClock_Config  main.o
    0x0800299e   0x0800299e   0x00000002   PAD
    0x080029a0   0x080029a0   0x0000004c   Code   RO         3109    i.SystemInit        system_stm32f1xx.o
    0x080029ec   0x080029ec   0x0000001c   Code   RO         2691    i.TIM6_DAC_IRQHandler  stm32f1xx_it.o
    0x08002a08   0x08002a08   0x0000000c   Code   RO         2692    i.TIM7_IRQHandler   stm32f1xx_it.o
    0x08002a14   0x08002a14   0x00000090   Code   RO         1432    i.TIM_Base_SetConfig  stm32f1xx_hal_tim.o
    0x08002aa4   0x08002aa4   0x00000016   Code   RO         1433    i.TIM_CCxChannelCmd  stm32f1xx_hal_tim.o
    0x08002aba   0x08002aba   0x00000002   PAD
    0x08002abc   0x08002abc   0x00000080   Code   RO         1441    i.TIM_OC1_SetConfig  stm32f1xx_hal_tim.o
    0x08002b3c   0x08002b3c   0x00000078   Code   RO         1442    i.TIM_OC2_SetConfig  stm32f1xx_hal_tim.o
    0x08002bb4   0x08002bb4   0x00000078   Code   RO         1443    i.TIM_OC3_SetConfig  stm32f1xx_hal_tim.o
    0x08002c2c   0x08002c2c   0x00000064   Code   RO         1444    i.TIM_OC4_SetConfig  stm32f1xx_hal_tim.o
    0x08002c90   0x08002c90   0x0000001e   Code   RO          453    i.UART_DMAError     stm32f1xx_hal_uart.o
    0x08002cae   0x08002cae   0x00000002   PAD
    0x08002cb0   0x08002cb0   0x00000036   Code   RO          454    i.UART_DMAReceiveCplt  stm32f1xx_hal_uart.o
    0x08002ce6   0x08002ce6   0x0000000a   Code   RO          455    i.UART_DMARxHalfCplt  stm32f1xx_hal_uart.o
    0x08002cf0   0x08002cf0   0x0000002e   Code   RO          456    i.UART_DMATransmitCplt  stm32f1xx_hal_uart.o
    0x08002d1e   0x08002d1e   0x0000000a   Code   RO          457    i.UART_DMATxHalfCplt  stm32f1xx_hal_uart.o
    0x08002d28   0x08002d28   0x000000a8   Code   RO          458    i.UART_Receive_IT   stm32f1xx_hal_uart.o
    0x08002dd0   0x08002dd0   0x00000170   Code   RO          459    i.UART_SetConfig    stm32f1xx_hal_uart.o
    0x08002f40   0x08002f40   0x00000066   Code   RO          460    i.UART_Transmit_IT  stm32f1xx_hal_uart.o
    0x08002fa6   0x08002fa6   0x00000002   PAD
    0x08002fa8   0x08002fa8   0x0000000c   Code   RO         2693    i.USART3_IRQHandler  stm32f1xx_it.o
    0x08002fb4   0x08002fb4   0x00000040   Code   RO         2999    i.USART_add_7BitChar_To_TxBuffer  usart_function.o
    0x08002ff4   0x08002ff4   0x0000006c   Code   RO         3000    i.USART_add_float_To_TxBuffer  usart_function.o
    0x08003060   0x08003060   0x0000006c   Code   RO         3001    i.USART_add_uint32_To_TxBuffer  usart_function.o
    0x080030cc   0x080030cc   0x000000ac   Code   RO         3003    i.USART_rx_handler  usart_function.o
    0x08003178   0x08003178   0x00000010   Code   RO         3004    i.USART_rx_init     usart_function.o
    0x08003188   0x08003188   0x00000048   Code   RO         3005    i.USART_send_buffer  usart_function.o
    0x080031d0   0x080031d0   0x00000002   Code   RO         2694    i.UsageFault_Handler  stm32f1xx_it.o
    0x080031d2   0x080031d2   0x0000000e   Code   RO         3183    i.__scatterload_copy  mc_w.l(handlers.o)
    0x080031e0   0x080031e0   0x00000002   Code   RO         3184    i.__scatterload_null  mc_w.l(handlers.o)
    0x080031e2   0x080031e2   0x0000000e   Code   RO         3185    i.__scatterload_zeroinit  mc_w.l(handlers.o)
    0x080031f0   0x080031f0   0x00000170   Code   RO         2593    i.main              main.o
    0x08003360   0x08003360   0x00000034   Code   RO         3006    i.privat_ConvBits2float  usart_function.o
    0x08003394   0x08003394   0x00000034   Code   RO         3007    i.privat_ConvBits2uint32  usart_function.o
    0x080033c8   0x080033c8   0x00000040   Code   RO         3008    i.privat_Debug_packet_handler  usart_function.o
    0x08003408   0x08003408   0x00000134   Code   RO         3010    i.privat_Set_All_Channel_Param_packet_handler  usart_function.o
    0x0800353c   0x0800353c   0x000000d4   Code   RO         3011    i.privat_Set_Single_Channel_Param_packet_handler  usart_function.o
    0x08003610   0x08003610   0x000000b8   Code   RO         3012    i.privat_Status_packet_handler  usart_function.o
    0x080036c8   0x080036c8   0x00000010   Data   RO         3110    .constdata          system_stm32f1xx.o
    0x080036d8   0x080036d8   0x00000008   Data   RO         3111    .constdata          system_stm32f1xx.o
    0x080036e0   0x080036e0   0x00000020   Data   RO         3181    Region$$Table       anon$$obj.o


    Execution Region RW_IRAM1 (Exec base: 0x20000000, Load base: 0x08003700, Size: 0x00000990, Max: 0x00002000, ABSOLUTE)

    Exec Addr    Load Addr    Size         Type   Attr      Idx    E Section Name        Object

    0x20000000   0x08003700   0x00000004   Data   RW         2104    .data               stm32f1xx_hal.o
    0x20000004   0x08003704   0x0000000c   Data   RW         2601    .data               main.o
    0x20000010   0x08003710   0x0000004c   Data   RW         2928    .data               channel_function.o
    0x2000005c   0x0800375c   0x00000006   Data   RW         3014    .data               usart_function.o
    0x20000062   0x08003762   0x00000002   PAD
    0x20000064   0x08003764   0x00000004   Data   RW         3112    .data               system_stm32f1xx.o
    0x20000068        -       0x00000180   Zero   RW         2594    .bss                main.o
    0x200001e8        -       0x00000038   Zero   RW         2595    .bss                main.o
    0x20000220        -       0x00000038   Zero   RW         2596    .bss                main.o
    0x20000258        -       0x00000038   Zero   RW         2597    .bss                main.o
    0x20000290        -       0x00000300   Zero   RW         3013    .bss                usart_function.o
    0x20000590        -       0x00000400   Zero   RW         2574    STACK               startup_stm32f100xb.o


==============================================================================

Image component sizes


      Code (inc. data)   RO Data    RW Data    ZI Data      Debug   Object Name

       912         86          0         76          0       8363   channel_function.o
      1220        104          0         12        552       8341   main.o
        36          4          0          0          0        989   misc_function.o
        36          8        288          0       1024        848   startup_stm32f100xb.o
       106         12          0          4          0       4142   stm32f1xx_hal.o
      1184         44          0          0          0       9466   stm32f1xx_hal_adc.o
       200          6          0          0          0       1598   stm32f1xx_hal_adc_ex.o
       228         14          0          0          0     354417   stm32f1xx_hal_cortex.o
       216          0          0          0          0       3690   stm32f1xx_hal_dac.o
       104          0          0          0          0       2441   stm32f1xx_hal_dac_ex.o
       818          4          0          0          0       4011   stm32f1xx_hal_dma.o
       444         36          0          0          0       2580   stm32f1xx_hal_gpio.o
       772        104          0          0          0       5526   stm32f1xx_hal_msp.o
      1966        104          0          0          0       6268   stm32f1xx_hal_rcc.o
       388         18          0          0          0       2405   stm32f1xx_hal_rcc_ex.o
      1416        110          0          0          0      13266   stm32f1xx_hal_tim.o
        84          0          0          0          0       2638   stm32f1xx_hal_tim_ex.o
      1390         32          0          0          0      12890   stm32f1xx_hal_uart.o
       118         40          0          0          0       7643   stm32f1xx_it.o
        76         16         24          4          0       1387   system_stm32f1xx.o
      1412        130          0          6        768      10751   usart_function.o

    ----------------------------------------------------------------------
     13158        872        344        104       2344     463660   Object Totals
         0          0         32          0          0          0   (incl. Generated)
        32          0          0          2          0          0   (incl. Padding)

    ----------------------------------------------------------------------

      Code (inc. data)   RO Data    RW Data    ZI Data      Debug   Library Member Name

         0          0          0          0          0          0   entry.o
         0          0          0          0          0          0   entry10a.o
         0          0          0          0          0          0   entry11a.o
         8          4          0          0          0          0   entry2.o
         4          0          0          0          0          0   entry5.o
         0          0          0          0          0          0   entry7b.o
         0          0          0          0          0          0   entry8b.o
         8          4          0          0          0          0   entry9a.o
        30          0          0          0          0          0   handlers.o
        36          8          0          0          0         68   init.o
         0          0          0          0          0          0   iusefp.o
        36          0          0          0          0         68   memcpya.o
       176          0          0          0          0        140   fadd.o
       110          0          0          0          0        168   fepilogue.o
        40          0          0          0          0         68   ffixui.o
        18          0          0          0          0         68   fflti.o
        10          0          0          0          0         68   ffltui.o
       100          0          0          0          0         76   fmul.o

    ----------------------------------------------------------------------
       578         16          0          0          0        724   Library Totals
         2          0          0          0          0          0   (incl. Padding)

    ----------------------------------------------------------------------

      Code (inc. data)   RO Data    RW Data    ZI Data      Debug   Library Name

       122         16          0          0          0        136   mc_w.l
       454          0          0          0          0        588   mf_w.l

    ----------------------------------------------------------------------
       578         16          0          0          0        724   Library Totals

    ----------------------------------------------------------------------

==============================================================================


      Code (inc. data)   RO Data    RW Data    ZI Data      Debug   

     13736        888        344        104       2344     457360   Grand Totals
     13736        888        344        104       2344     457360   ELF Image Totals
     13736        888        344        104          0          0   ROM Totals

==============================================================================

    Total RO  Size (Code + RO Data)                14080 (  13.75kB)
    Total RW  Size (RW Data + ZI Data)              2448 (   2.39kB)
    Total ROM Size (Code + RO Data + RW Data)      14184 (  13.85kB)

==============================================================================

